Microchip MPLAB XC8 Compiler V1.38 ()

Linker command line:

-W-3 --edf=C:\Program Files (x86)\Microchip\xc8\v1.38\dat\en_msgs.txt -cs \
  -h+dist/default/production\lab6.X.production.sym \
  --cmf=dist/default/production\lab6.X.production.cmf -z -Q16F84A \
  -oC:\Users\Art\AppData\Local\Temp\s81s.2 \
  -Mdist/default/production/lab6.X.production.map -E1 -ver=XC8 \
  -ASTACK=011h-04dh -pstack=STACK -ACODE=00h-03FFh -ASTRCODE=00h-03FFh \
  -ASTRING=00h-0FFhx4 -ACONST=00h-0FFhx4 -AENTRY=00h-0FFhx4 \
  -ABANK0=0Ch-04Dh -ARAM=0Ch-04Dh -AABS1=0Ch-04Fh -ACOMMON=04Eh-04Fh \
  -ASFR0=00h-0Bh -ASFR1=080h-0CDh -preset_vec=00h,intentry,init,end_init \
  -ppowerup=CODE -pcinit=CODE -pfunctab=CODE -ACONFIG=02007h-02007h \
  -pconfig=CONFIG -DCONFIG=2 -AIDLOC=02000h-02003h -pidloc=IDLOC -DIDLOC=2 \
  -AEEDATA=00h-03Fh/02100h -peeprom_data=EEDATA -DEEDATA=2 -DCODE=2 \
  -DSTRCODE=2 -DSTRING=2 -DCONST=2 -DENTRY=2 -k \
  C:\Users\Art\AppData\Local\Temp\s81s.obj \
  dist/default/production\lab6.X.production.obj 

Object code version is 3.11

Machine type is 16F84A



                Name                               Link     Load   Length Selector   Space Scale
C:\Users\Art\AppData\Local\Temp\s81s.obj
                end_init                              0        0        1        0       0
dist/default/production\lab6.X.production.obj
                cinit                               3FE      3FE        2      7FC       0
                text1                               385      385       79      70A       0
                maintext                            363      363       22      6C6       0
                cstackBANK0                           C        C        5        C       1

TOTAL           Name                               Link     Load   Length     Space
        CLASS   STACK          

        CLASS   CODE           
                end_init                              0        0        1         0
                cinit                               3FE      3FE        2         0
                text1                               385      385       79         0
                maintext                            363      363       22         0

        CLASS   STRCODE        

        CLASS   STRING         

        CLASS   CONST          

        CLASS   ENTRY          

        CLASS   BANK0          
                cstackBANK0                           C        C        5         1

        CLASS   RAM            

        CLASS   ABS1           
                abs_s1                               4E       4E        2         1

        CLASS   COMMON         

        CLASS   SFR0           

        CLASS   SFR1           

        CLASS   CONFIG         

        CLASS   IDLOC          

        CLASS   EEDATA         

        CLASS   BANK1          



SEGMENTS        Name                           Load    Length   Top    Selector   Space  Class     Delta

                reset_vec                      000000  000001  000001         0       0  CODE        2
                cstackBANK0                    00000C  000005  000011         C       1  BANK0       1
                maintext                       000363  000022  000385       6C6       0  CODE        2
                text1                          000385  000079  0003FE       70A       0  CODE        2
                cinit                          0003FE  000002  000400       7FC       0  CODE        2


UNUSED ADDRESS RANGES

        Name                Unused          Largest block    Delta
        BANK0            011-04D            3D           1
        CODE             001-362           362           2
        CONFIG           2007-2007             1           2
        CONST            001-362           100           2
        EEDATA           2100-213F            40           2
        ENTRY            001-362           100           2
        IDLOC            2000-2003             4           2
        RAM              011-04D            3D           1
        SFR0             000-00B             C           1
        SFR1             080-0CD            4E           1
        STACK            011-04D            3D           1
        STRCODE          001-362           362           2
        STRING           001-362           100           2

                                  Symbol Table

_CaptureKey              text1       385
_PORTA                   (abs)       005
_PORTB                   (abs)       006
_TRISA                   (abs)       085
_TRISB                   (abs)       086
__Habs1                  abs1        000
__Hbank0                 bank0       000
__Hbank1                 bank1       000
__Hcinit                 cinit       400
__Hclrtext               clrtext     000
__Hcode                  code        000
__Hcommon                common      000
__Hconfig                config      000
__HcstackBANK0           cstackBANK0 000
__Heeprom_data           eeprom_data 000
__Hend_init              end_init    001
__Hfunctab               functab     000
__Hidloc                 idloc       000
__Hinit                  init        000
__Hintentry              intentry    000
__Hmaintext              maintext    000
__Hpowerup               powerup     000
__Hram                   ram         000
__Hreset_vec             reset_vec   000
__Hsfr0                  sfr0        000
__Hsfr1                  sfr1        000
__Hspace_0               (abs)       400
__Hspace_1               (abs)       011
__Hspace_2               (abs)       000
__Hspace_3               (abs)       000
__Hstack                 stack       000
__Hstrings               strings     000
__Htext                  text        000
__Labs1                  abs1        000
__Lbank0                 bank0       000
__Lbank1                 bank1       000
__Lcinit                 cinit       3FE
__Lclrtext               clrtext     000
__Lcode                  code        000
__Lcommon                common      000
__Lconfig                config      000
__LcstackBANK0           cstackBANK0 000
__Leeprom_data           eeprom_data 000
__Lend_init              end_init    000
__Lfunctab               functab     000
__Lidloc                 idloc       000
__Linit                  init        000
__Lintentry              intentry    000
__Lmaintext              maintext    000
__Lpowerup               powerup     000
__Lram                   ram         000
__Lreset_vec             reset_vec   000
__Lsfr0                  sfr0        000
__Lsfr1                  sfr1        000
__Lspace_0               (abs)       000
__Lspace_1               (abs)       000
__Lspace_2               (abs)       000
__Lspace_3               (abs)       000
__Lstack                 stack       000
__Lstrings               strings     000
__Ltext                  text        000
__S0                     (abs)       400
__S1                     (abs)       011
__S2                     (abs)       000
__S3                     (abs)       000
___int_sp                stack       000
___latbits               (abs)       000
___sp                    stack       000
__end_of_CaptureKey      text1       3FE
__end_of__initialization cinit       3FE
__end_of_main            maintext    385
__initialization         cinit       3FE
__pcstackBANK0           cstackBANK0 00C
__pmaintext              maintext    363
__ptext1                 text1       385
__size_of_CaptureKey     (abs)       000
__size_of_main           (abs)       000
_main                    maintext    363
btemp                    (abs)       04E
end_of_initialization    cinit       3FE
intlevel0                functab     000
intlevel1                functab     000
intlevel2                functab     000
intlevel3                functab     000
intlevel4                functab     000
intlevel5                functab     000
ltemp                    (abs)       04E
ltemp0                   (abs)       04E
ltemp1                   (abs)       052
ltemp2                   (abs)       056
ltemp3                   (abs)       050
main@porta               cstackBANK0 010
main@temp                cstackBANK0 00F
reset_vec                reset_vec   000
stackhi                  (abs)       000
stacklo                  (abs)       000
start                    init        000
start_initialization     cinit       3FE
ttemp                    (abs)       04E
ttemp0                   (abs)       04E
ttemp1                   (abs)       051
ttemp2                   (abs)       054
ttemp3                   (abs)       057
ttemp4                   (abs)       04F
wtemp                    (abs)       04E
wtemp0                   (abs)       04E
wtemp1                   (abs)       050
wtemp2                   (abs)       052
wtemp3                   (abs)       054
wtemp4                   (abs)       056
wtemp5                   (abs)       058
wtemp6                   (abs)       04F


FUNCTION INFORMATION:

 *************** function _main *****************
 Defined at:
		line 68 in file "newmain.c"
 Parameters:    Size  Location     Type
		None
 Auto vars:     Size  Location     Type
  porta           1    4[BANK0 ] unsigned char 
  temp            1    3[BANK0 ] unsigned char 
 Return value:  Size  Location     Type
                  1    wreg      void 
 Registers used:
		wreg, fsr0l, fsr0h, status,2, status,0, pclath, cstack
 Tracked objects:
		On entry : 
		On exit  : 
		Unchanged: 
 Data sizes:     COMMON   BANK0
      Params:         0       0
      Locals:         0       2
      Temps:          0       1
      Totals:         0       3
Total ram usage:        3 bytes
 Hardware stack levels required when called:    1
 This function calls:
		_CaptureKey
 This function is called by:
		Startup code after reset
 This function uses a non-reentrant model


 *************** function _CaptureKey *****************
 Defined at:
		line 18 in file "newmain.c"
 Parameters:    Size  Location     Type
		None
 Auto vars:     Size  Location     Type
		None
 Return value:  Size  Location     Type
                  1    wreg      unsigned char 
 Registers used:
		wreg, fsr0l, fsr0h, status,2, status,0
 Tracked objects:
		On entry : 
		On exit  : 
		Unchanged: 
 Data sizes:     COMMON   BANK0
      Params:         0       0
      Locals:         0       0
      Temps:          0       2
      Totals:         0       2
Total ram usage:        2 bytes
 Hardware stack levels used:    1
 This function calls:
		Nothing
 This function is called by:
		_main
 This function uses a non-reentrant model



MODULE INFORMATION

Module		Function		Class		Link	Load	Size
newmain.c
		_main          		CODE           	0363	0000	35
		_CaptureKey    		CODE           	0385	0000	122

newmain.c estimated size: 157

shared
		__initialization		CODE           	03FE	0000	1

shared estimated size: 1

