Microchip MPLAB XC8 Compiler V1.41 ()

Linker command line:

-W-3 --edf=C:\Program Files (x86)\Microchip\xc8\v1.41\dat\en_msgs.txt -cs \
  -h+dist/default/production\lab1.X.production.sym \
  --cmf=dist/default/production\lab1.X.production.cmf -z -Q16F84A \
  -oC:\Users\Antonio\AppData\Local\Temp\s3j0.2 \
  -Mdist/default/production/lab1.X.production.map -E1 -ver=XC8 \
  -ASTACK=0Ch-04dh -pstack=STACK -ACODE=00h-03FFh -ASTRCODE=00h-03FFh \
  -ASTRING=00h-0FFhx4 -ACONST=00h-0FFhx4 -AENTRY=00h-0FFhx4 \
  -ABANK0=0Ch-04Dh -ARAM=0Ch-04Dh -AABS1=0Ch-04Fh -ACOMMON=04Eh-04Fh \
  -ASFR0=00h-0Bh -ASFR1=080h-0CDh -preset_vec=00h,intentry,init,end_init \
  -ppowerup=CODE -pcinit=CODE -pfunctab=CODE -ACONFIG=02007h-02007h \
  -pconfig=CONFIG -DCONFIG=2 -AIDLOC=02000h-02003h -pidloc=IDLOC -DIDLOC=2 \
  -AEEDATA=00h-03Fh/02100h -peeprom_data=EEDATA -DEEDATA=2 -DCODE=2 \
  -DSTRCODE=2 -DSTRING=2 -DCONST=2 -DENTRY=2 -k \
  C:\Users\Antonio\AppData\Local\Temp\s3j0.obj \
  dist/default/production\lab1.X.production.obj 

Object code version is 3.11

Machine type is 16F84A



                Name                               Link     Load   Length Selector   Space Scale
C:\Users\Antonio\AppData\Local\Temp\s3j0.obj
                end_init                              0        0        1        0       0
dist/default/production\lab1.X.production.obj
                cinit                               3FE      3FE        2      7FC       0
                eeprom_data                           0     2100        8     4200       3
                maintext                            3FD      3FD        1      7FA       0

TOTAL           Name                               Link     Load   Length     Space
        CLASS   STACK          

        CLASS   CODE           
                end_init                              0        0        1         0
                cinit                               3FE      3FE        2         0
                maintext                            3FD      3FD        1         0

        CLASS   STRCODE        

        CLASS   STRING         

        CLASS   CONST          

        CLASS   ENTRY          

        CLASS   BANK0          

        CLASS   RAM            

        CLASS   ABS1           
                abs_s1                               4E       4E        2         1

        CLASS   COMMON         

        CLASS   SFR0           

        CLASS   SFR1           

        CLASS   CONFIG         

        CLASS   IDLOC          

        CLASS   EEDATA         
                eeprom_data                           0     2100        8         3

        CLASS   BANK1          



SEGMENTS        Name                           Load    Length   Top    Selector   Space  Class     Delta

                reset_vec                      000000  000001  000001         0       0  CODE        2
                maintext                       0003FD  000001  0003FE       7FA       0  CODE        2
                cinit                          0003FE  000002  000400       7FC       0  CODE        2
                eeprom_data                    002100  000008  002108      4200       3  EEDATA      2


UNUSED ADDRESS RANGES

        Name                Unused          Largest block    Delta
        BANK0            000C-004D             42           1
        CODE             0001-03FC            3FC           2
        CONFIG           2007-2007              1           2
        CONST            0001-03FC            100           2
        EEDATA           2108-213F             38           2
        ENTRY            0001-03FC            100           2
        IDLOC            2000-2003              4           2
        RAM              000C-004D             42           1
        SFR0             0000-000B              C           1
        SFR1             0080-00CD             4E           1
        STACK            000C-004D             42           1
        STRCODE          0001-03FC            3FC           2
        STRING           0001-03FC            100           2

                                  Symbol Table

__Babs1                  abs1         4210
__Bbank0                 bank0        4210
__Bbank1                 bank1        4210
__Bclrtext               clrtext      4210
__Bcode                  code         4210
__Bcommon                common       4210
__BcstackBANK0           cstackBANK0  4210
__BcstackCOMMON          cstackCOMMON 4210
__Beeprom_data           eeprom_data  2100
__Bmaintext              maintext     4210
__Bram                   ram          4210
__Bsfr0                  sfr0         4210
__Bsfr1                  sfr1         4210
__Bstrings               strings      4210
__Btext                  text         4210
__Habs1                  abs1         0010
__Hbank0                 bank0        0010
__Hbank1                 bank1        0010
__Hcinit                 cinit        0400
__Hclrtext               clrtext      0010
__Hcode                  code         0010
__Hcommon                common       0010
__Hconfig                config       0000
__HcstackBANK0           cstackBANK0  0010
__HcstackCOMMON          cstackCOMMON 0010
__Heeprom_data           eeprom_data  0008
__Hend_init              end_init     0001
__Hfunctab               functab      0000
__Hidloc                 idloc        0000
__Hinit                  init         0000
__Hintentry              intentry     0000
__Hmaintext              maintext     0010
__Hpowerup               powerup      0000
__Hram                   ram          0010
__Hreset_vec             reset_vec    0000
__Hsfr0                  sfr0         0010
__Hsfr1                  sfr1         0010
__Hspace_0               (abs)        0400
__Hspace_1               (abs)        0010
__Hspace_2               (abs)        0000
__Hspace_3               (abs)        0008
__Hstack                 stack        0000
__Hstrings               strings      0010
__Htext                  text         0010
__Labs1                  abs1         0010
__Lbank0                 bank0        0010
__Lbank1                 bank1        0010
__Lcinit                 cinit        03FE
__Lclrtext               clrtext      0010
__Lcode                  code         0010
__Lcommon                common       0010
__Lconfig                config       0000
__LcstackBANK0           cstackBANK0  0010
__LcstackCOMMON          cstackCOMMON 0010
__Leeprom_data           eeprom_data  0000
__Lend_init              end_init     0000
__Lfunctab               functab      0000
__Lidloc                 idloc        0000
__Linit                  init         0000
__Lintentry              intentry     0000
__Lmaintext              maintext     0010
__Lpowerup               powerup      0000
__Lram                   ram          0010
__Lreset_vec             reset_vec    0000
__Lsfr0                  sfr0         0010
__Lsfr1                  sfr1         0010
__Lspace_0               (abs)        0000
__Lspace_1               (abs)        0000
__Lspace_2               (abs)        0000
__Lspace_3               (abs)        0000
__Lstack                 stack        0000
__Lstrings               strings      0010
__Ltext                  text         0010
__S0                     (abs)        0400
__S1                     (abs)        0000
__S2                     (abs)        0000
__S3                     (abs)        2108
___int_sp                stack        0000
___latbits               (abs)        0000
___sp                    stack        0000
__end_of__initialization cinit        03FE
__end_of_main            maintext     03FE
__initialization         cinit        03FE
__pcstackBANK0           cstackBANK0  0000
__pcstackCOMMON          cstackCOMMON 0000
__pmaintext              maintext     03FD
__size_of_main           (abs)        0000
_main                    maintext     03FD
btemp                    (abs)        004E
end_of_initialization    cinit        03FE
intlevel0                functab      0000
intlevel1                functab      0000
intlevel2                functab      0000
intlevel3                functab      0000
intlevel4                functab      0000
intlevel5                functab      0000
reset_vec                reset_vec    0000
stackhi                  (abs)        0000
stacklo                  (abs)        0000
start                    init         0000
start_initialization     cinit        03FE
wtemp0                   (abs)        004E


FUNCTION INFORMATION:

 *************** function _main *****************
 Defined at:
		line 11 in file "newmain.c"
 Parameters:    Size  Location     Type
		None
 Auto vars:     Size  Location     Type
		None
 Return value:  Size  Location     Type
                  1    wreg      void 
 Registers used:
		None
 Tracked objects:
		On entry : 
		On exit  : 
		Unchanged: 
 Data sizes:     COMMON   BANK0
      Params:         0       0
      Locals:         0       0
      Temps:          0       0
      Totals:         0       0
Total ram usage:        0 bytes
 This function calls:
		Nothing
 This function is called by:
		Startup code after reset
 This function uses a non-reentrant model



MODULE INFORMATION

Module		Function		Class		Link	Load	Size
newmain.c
		_main          		CODE           	03FD	0000	2

newmain.c estimated size: 2

shared
		__initialization		CODE           	03FE	0000	1

shared estimated size: 1

