Microchip MPLAB XC8 Compiler V1.41 ()

Linker command line:

-W-3 --edf=C:\Program Files (x86)\Microchip\xc8\v1.41\dat\en_msgs.txt -cs \
  -h+dist/default/production\lab2.production.sym \
  --cmf=dist/default/production\lab2.production.cmf -z -Q16F84A \
  -oC:\Users\Antonio\AppData\Local\Temp\s620.2 \
  -Mdist/default/production/lab2.production.map -E1 -ver=XC8 \
  -ASTACK=033h-04dh -pstack=STACK -ACODE=00h-03FFh -ASTRCODE=00h-03FFh \
  -ASTRING=00h-0FFhx4 -ACONST=00h-0FFhx4 -AENTRY=00h-0FFhx4 \
  -ABANK0=0Ch-04Dh -ARAM=0Ch-04Dh -AABS1=0Ch-04Fh -ACOMMON=04Eh-04Fh \
  -ASFR0=00h-0Bh -ASFR1=080h-0CDh \
  -preset_vec=00h,intentry=04h,init,end_init -ppowerup=CODE -pcinit=CODE \
  -pfunctab=CODE -ACONFIG=02007h-02007h -pconfig=CONFIG -DCONFIG=2 \
  -AIDLOC=02000h-02003h -pidloc=IDLOC -DIDLOC=2 -AEEDATA=00h-03Fh/02100h \
  -peeprom_data=EEDATA -DEEDATA=2 -DCODE=2 -DSTRCODE=2 -DSTRING=2 -DCONST=2 \
  -DENTRY=2 -k C:\Users\Antonio\AppData\Local\Temp\s620.obj \
  dist/default/production\lab2.production.obj 

Object code version is 3.11

Machine type is 16F84A



                Name                               Link     Load   Length Selector   Space Scale
C:\Users\Antonio\AppData\Local\Temp\s620.obj
                end_init                              F        F        1        8       0
                reset_vec                             0        0        1        0       0
dist/default/production\lab2.production.obj
                cinit                                10       10       1B        8       0
                intentry                              4        4        B        8       0
                text5                               12A      12A       1F        8       0
                text4                               149      149       14        8       0
                text3                                7F       7F       3D        8       0
                text2                                F7       F7       33        8       0
                text1                                2B       2B       54        8       0
                maintext                             BC       BC       3B        8       0
                cstackBANK0                           C        C       18        C       1
                dataBANK0                            24       24        A        C       1
                bssBANK0                             2E       2E        5        C       1
                idataBANK0                          15D      15D        A        8       0

TOTAL           Name                               Link     Load   Length     Space
        CLASS   STACK          

        CLASS   CODE           
                end_init                              F        F        1         0
                cinit                                10       10       1B         0
                intentry                              4        4        B         0
                reset_vec                             0        0        1         0
                text5                               12A      12A       1F         0
                text4                               149      149       14         0
                text3                                7F       7F       3D         0
                text2                                F7       F7       33         0
                text1                                2B       2B       54         0
                maintext                             BC       BC       3B         0
                idataBANK0                          15D      15D        A         0

        CLASS   STRCODE        

        CLASS   STRING         

        CLASS   CONST          

        CLASS   ENTRY          

        CLASS   BANK0          
                cstackBANK0                           C        C       18         1
                dataBANK0                            24       24        A         1
                bssBANK0                             2E       2E        5         1

        CLASS   RAM            

        CLASS   ABS1           
                abs_s1                               4E       4E        2         1

        CLASS   COMMON         

        CLASS   SFR0           

        CLASS   SFR1           

        CLASS   CONFIG         

        CLASS   IDLOC          

        CLASS   EEDATA         

        CLASS   BANK1          



SEGMENTS        Name                           Load    Length   Top    Selector   Space  Class     Delta

                reset_vec                      000000  000001  000001         0       0  CODE        2
                intentry                       000004  000163  000167         8       0  CODE        2
                cstackBANK0                    00000C  000027  000033         C       1  BANK0       1


UNUSED ADDRESS RANGES

        Name                Unused          Largest block    Delta
        BANK0            033-04D            1B           1
        CODE             001-003             3           2
                         167-3FF           299
        CONFIG           2007-2007             1           2
        CONST            001-003             3           2
                         167-3FF           100
        EEDATA           2100-213F            40           2
        ENTRY            001-003             3           2
                         167-3FF           100
        IDLOC            2000-2003             4           2
        RAM              033-04D            1B           1
        SFR0             000-00B             C           1
        SFR1             080-0CD            4E           1
        STACK            033-04D            1B           1
        STRCODE          001-003             3           2
                         167-3FF           299
        STRING           001-003             3           2
                         167-3FF           100

                                  Symbol Table

?___lwdiv                cstackBANK0  010
?___lwmod                cstackBANK0  018
DisplayData@data         cstackBANK0  021
DisplayDigit@data        cstackBANK0  020
DisplayDigit@position    cstackBANK0  01E
_DisplayData             text1        02B
_DisplayDigit            text4        149
_GIE                     (abs)        05F
_INTE                    (abs)        05C
_INTEDG                  (abs)        40E
_INTF                    (abs)        059
_PORTA                   (abs)        005
_PORTB                   (abs)        006
_PS0                     (abs)        408
_PS1                     (abs)        409
_PS2                     (abs)        40A
_PSA                     (abs)        40B
_T0CS                    (abs)        40D
_T0IE                    (abs)        05D
_T0IF                    (abs)        05A
_T0SE                    (abs)        40C
_TMR0                    (abs)        001
_TRISA                   (abs)        085
_TRISB                   (abs)        086
__Habs1                  abs1         000
__Hbank0                 bank0        000
__Hbank1                 bank1        000
__HbssBANK0              bssBANK0     000
__Hcinit                 cinit        02B
__Hclrtext               clrtext      000
__Hcode                  code         000
__Hcommon                common       000
__Hconfig                config       000
__HcstackBANK0           cstackBANK0  000
__HcstackCOMMON          cstackCOMMON 000
__HdataBANK0             dataBANK0    000
__Heeprom_data           eeprom_data  000
__Hend_init              end_init     010
__Hfunctab               functab      000
__HidataBANK0            idataBANK0   000
__Hidloc                 idloc        000
__Hinit                  init         00F
__Hintentry              intentry     00F
__Hmaintext              maintext     000
__Hpowerup               powerup      000
__Hram                   ram          000
__Hreset_vec             reset_vec    001
__Hsfr0                  sfr0         000
__Hsfr1                  sfr1         000
__Hspace_0               (abs)        167
__Hspace_1               (abs)        033
__Hspace_2               (abs)        000
__Hspace_3               (abs)        000
__Hstack                 stack        000
__Hstrings               strings      000
__Htext                  text         000
__Labs1                  abs1         000
__Lbank0                 bank0        000
__Lbank1                 bank1        000
__LbssBANK0              bssBANK0     000
__Lcinit                 cinit        010
__Lclrtext               clrtext      000
__Lcode                  code         000
__Lcommon                common       000
__Lconfig                config       000
__LcstackBANK0           cstackBANK0  000
__LcstackCOMMON          cstackCOMMON 000
__LdataBANK0             dataBANK0    000
__Leeprom_data           eeprom_data  000
__Lend_init              end_init     00F
__Lfunctab               functab      000
__LidataBANK0            idataBANK0   000
__Lidloc                 idloc        000
__Linit                  init         00F
__Lintentry              intentry     004
__Lmaintext              maintext     000
__Lpowerup               powerup      000
__Lram                   ram          000
__Lreset_vec             reset_vec    000
__Lsfr0                  sfr0         000
__Lsfr1                  sfr1         000
__Lspace_0               (abs)        000
__Lspace_1               (abs)        000
__Lspace_2               (abs)        000
__Lspace_3               (abs)        000
__Lstack                 stack        000
__Lstrings               strings      000
__Ltext                  text         000
__S0                     (abs)        167
__S1                     (abs)        033
__S2                     (abs)        000
__S3                     (abs)        000
___int_sp                stack        000
___latbits               (abs)        000
___lwdiv                 text3        07F
___lwdiv@counter         cstackBANK0  017
___lwdiv@dividend        cstackBANK0  012
___lwdiv@divisor         cstackBANK0  010
___lwdiv@quotient        cstackBANK0  015
___lwmod                 text2        0F7
___lwmod@counter         cstackBANK0  01D
___lwmod@dividend        cstackBANK0  01A
___lwmod@divisor         cstackBANK0  018
___sp                    stack        000
__end_of_DisplayData     text1        07F
__end_of_DisplayDigit    text4        15D
__end_of___lwdiv         text3        0BC
__end_of___lwmod         text2        12A
__end_of__initialization cinit        029
__end_of_isr             text5        149
__end_of_main            maintext     0F7
__initialization         cinit        010
__pbssBANK0              bssBANK0     02E
__pcstackBANK0           cstackBANK0  00C
__pcstackCOMMON          cstackCOMMON 000
__pdataBANK0             dataBANK0    024
__pidataBANK0            idataBANK0   15D
__pintentry              intentry     004
__pmaintext              maintext     0BC
__ptext1                 text1        02B
__ptext2                 text2        0F7
__ptext3                 text3        07F
__ptext4                 text4        149
__ptext5                 text5        12A
__size_of_DisplayData    (abs)        000
__size_of_DisplayDigit   (abs)        000
__size_of___lwdiv        (abs)        000
__size_of___lwmod        (abs)        000
__size_of_isr            (abs)        000
__size_of_main           (abs)        000
_digits                  dataBANK0    024
_enabled                 bssBANK0     032
_isr                     text5        12A
_main                    maintext     0BC
_seconds                 bssBANK0     02E
_sub_seconds             bssBANK0     030
btemp                    (abs)        04E
end_of_initialization    cinit        029
interrupt_function       intentry     004
intlevel0                functab      000
intlevel1                functab      000
intlevel2                functab      000
intlevel3                functab      000
intlevel4                functab      000
intlevel5                functab      000
reset_vec                reset_vec    000
saved_w                  (abs)        04E
stackhi                  (abs)        000
stacklo                  (abs)        000
start                    init         00F
start_initialization     cinit        010
wtemp0                   (abs)        04E


FUNCTION INFORMATION:

 *************** function _main *****************
 Defined at:
		line 69 in file "newmain.c"
 Parameters:    Size  Location     Type
		None
 Auto vars:     Size  Location     Type
		None
 Return value:  Size  Location     Type
                  1    wreg      void 
 Registers used:
		wreg, fsr0l, fsr0h, status,2, status,0, pclath, cstack
 Tracked objects:
		On entry : 
		On exit  : 
		Unchanged: 
 Data sizes:     COMMON   BANK0
      Params:         0       0
      Locals:         0       0
      Temps:          0       0
      Totals:         0       0
Total ram usage:        0 bytes
 Hardware stack levels required when called:    3
 This function calls:
		_DisplayData
 This function is called by:
		Startup code after reset
 This function uses a non-reentrant model


 *************** function _DisplayData *****************
 Defined at:
		line 35 in file "newmain.c"
 Parameters:    Size  Location     Type
  data            2   21[BANK0 ] unsigned int 
 Auto vars:     Size  Location     Type
		None
 Return value:  Size  Location     Type
                  1    wreg      void 
 Registers used:
		wreg, fsr0l, fsr0h, status,2, status,0, pclath, cstack
 Tracked objects:
		On entry : 
		On exit  : 
		Unchanged: 
 Data sizes:     COMMON   BANK0
      Params:         0       2
      Locals:         0       0
      Temps:          0       1
      Totals:         0       3
Total ram usage:        3 bytes
 Hardware stack levels used:    1
 Hardware stack levels required when called:    2
 This function calls:
		_DisplayDigit
		___lwdiv
		___lwmod
 This function is called by:
		_main
 This function uses a non-reentrant model


 *************** function ___lwmod *****************
 Defined at:
		line 6 in file "C:\Program Files (x86)\Microchip\xc8\v1.41\sources\common\lwmod.c"
 Parameters:    Size  Location     Type
  divisor         2   12[BANK0 ] unsigned int 
  dividend        2   14[BANK0 ] unsigned int 
 Auto vars:     Size  Location     Type
  counter         1   17[BANK0 ] unsigned char 
 Return value:  Size  Location     Type
                  2   12[BANK0 ] unsigned int 
 Registers used:
		wreg, status,2, status,0
 Tracked objects:
		On entry : 
		On exit  : 
		Unchanged: 
 Data sizes:     COMMON   BANK0
      Params:         0       4
      Locals:         0       1
      Temps:          0       1
      Totals:         0       6
Total ram usage:        6 bytes
 Hardware stack levels used:    1
 Hardware stack levels required when called:    1
 This function calls:
		Nothing
 This function is called by:
		_DisplayData
 This function uses a non-reentrant model


 *************** function ___lwdiv *****************
 Defined at:
		line 6 in file "C:\Program Files (x86)\Microchip\xc8\v1.41\sources\common\lwdiv.c"
 Parameters:    Size  Location     Type
  divisor         2    4[BANK0 ] unsigned int 
  dividend        2    6[BANK0 ] unsigned int 
 Auto vars:     Size  Location     Type
  quotient        2    9[BANK0 ] unsigned int 
  counter         1   11[BANK0 ] unsigned char 
 Return value:  Size  Location     Type
                  2    4[BANK0 ] unsigned int 
 Registers used:
		wreg, status,2, status,0
 Tracked objects:
		On entry : 
		On exit  : 
		Unchanged: 
 Data sizes:     COMMON   BANK0
      Params:         0       4
      Locals:         0       3
      Temps:          0       1
      Totals:         0       8
Total ram usage:        8 bytes
 Hardware stack levels used:    1
 Hardware stack levels required when called:    1
 This function calls:
		Nothing
 This function is called by:
		_DisplayData
 This function uses a non-reentrant model


 *************** function _DisplayDigit *****************
 Defined at:
		line 29 in file "newmain.c"
 Parameters:    Size  Location     Type
  data            1    wreg     unsigned char 
  position        1   18[BANK0 ] unsigned char 
 Auto vars:     Size  Location     Type
  data            1   20[BANK0 ] unsigned char 
 Return value:  Size  Location     Type
                  1    wreg      void 
 Registers used:
		wreg, fsr0l, fsr0h, status,2, status,0
 Tracked objects:
		On entry : 
		On exit  : 
		Unchanged: 
 Data sizes:     COMMON   BANK0
      Params:         0       1
      Locals:         0       1
      Temps:          0       1
      Totals:         0       3
Total ram usage:        3 bytes
 Hardware stack levels used:    1
 Hardware stack levels required when called:    1
 This function calls:
		Nothing
 This function is called by:
		_DisplayData
 This function uses a non-reentrant model


 *************** function _isr *****************
 Defined at:
		line 51 in file "newmain.c"
 Parameters:    Size  Location     Type
		None
 Auto vars:     Size  Location     Type
		None
 Return value:  Size  Location     Type
                  1    wreg      void 
 Registers used:
		wreg, status,2, status,0
 Tracked objects:
		On entry : 
		On exit  : 
		Unchanged: 
 Data sizes:     COMMON   BANK0
      Params:         0       0
      Locals:         0       0
      Temps:          0       4
      Totals:         0       4
Total ram usage:        4 bytes
 Hardware stack levels used:    1
 This function calls:
		Nothing
 This function is called by:
		Interrupt level 1
 This function uses a non-reentrant model



MODULE INFORMATION

Module		Function		Class		Link	Load	Size
C:\Program Files (x86)\Microchip\xc8\v1.41\sources\common\lwdiv.c
		___lwdiv       		CODE           	007F	0000	62

C:\Program Files (x86)\Microchip\xc8\v1.41\sources\common\lwdiv.c estimated size: 62

newmain.c
		_main          		CODE           	00BC	0000	60
		_isr           		CODE           	012A	0000	32
		_DisplayData   		CODE           	002B	0000	85
		_DisplayDigit  		CODE           	0149	0000	21

newmain.c estimated size: 198

shared
		__initialization		CODE           	0010	0000	26

shared estimated size: 26

C:\Program Files (x86)\Microchip\xc8\v1.41\sources\common\lwmod.c
		___lwmod       		CODE           	00F7	0000	52

C:\Program Files (x86)\Microchip\xc8\v1.41\sources\common\lwmod.c estimated size: 52

