Microchip MPLAB XC8 Compiler V1.38 ()

Linker command line:

-W-3 --edf=C:\Program Files (x86)\Microchip\xc8\v1.38\dat\en_msgs.txt -cs \
  -h+dist/default/production\lab4.production.sym \
  --cmf=dist/default/production\lab4.production.cmf -z -Q16F84A \
  -oC:\Users\axisg\AppData\Local\Temp\s2eo.2 \
  -Mdist/default/production/lab4.production.map -E1 -ver=XC8 \
  -ASTACK=021h-04dh -pstack=STACK -ACODE=00h-03FFh -ASTRCODE=00h-03FFh \
  -ASTRING=00h-0FFhx4 -ACONST=00h-0FFhx4 -AENTRY=00h-0FFhx4 \
  -ABANK0=0Ch-04Dh -ARAM=0Ch-04Dh -AABS1=0Ch-04Fh -ACOMMON=04Eh-04Fh \
  -ASFR0=00h-0Bh -ASFR1=080h-0CDh -preset_vec=00h,intentry,init,end_init \
  -ppowerup=CODE -pcinit=CODE -pfunctab=CODE -ACONFIG=02007h-02007h \
  -pconfig=CONFIG -DCONFIG=2 -AIDLOC=02000h-02003h -pidloc=IDLOC -DIDLOC=2 \
  -AEEDATA=00h-03Fh/02100h -peeprom_data=EEDATA -DEEDATA=2 -DCODE=2 \
  -DSTRCODE=2 -DSTRING=2 -DCONST=2 -DENTRY=2 -k \
  C:\Users\axisg\AppData\Local\Temp\s2eo.obj \
  dist/default/production\lab4.production.obj 

Object code version is 3.11

Machine type is 16F84A



                Name                               Link     Load   Length Selector   Space Scale
C:\Users\axisg\AppData\Local\Temp\s2eo.obj
                end_init                              0        0        1        0       0
dist/default/production\lab4.production.obj
                cinit                               3FA      3FA        6      7F4       0
                text2                               252      252       81      4A4       0
                text1                               215      215       3D      42A       0
                maintext                            2D3      2D3      127      5A6       0
                cstackBANK0                           C        C       11        C       1
                bssBANK0                             1D       1D        4        C       1
                strings                               1        1       1A        2       0

TOTAL           Name                               Link     Load   Length     Space
        CLASS   STACK          

        CLASS   CODE           
                end_init                              0        0        1         0
                cinit                               3FA      3FA        6         0
                text2                               252      252       81         0
                text1                               215      215       3D         0
                maintext                            2D3      2D3      127         0

        CLASS   STRCODE        

        CLASS   STRING         
                strings                               1        1       1A         0

        CLASS   CONST          

        CLASS   ENTRY          

        CLASS   BANK0          
                cstackBANK0                           C        C       11         1
                bssBANK0                             1D       1D        4         1

        CLASS   RAM            

        CLASS   ABS1           
                abs_s1                               4E       4E        2         1

        CLASS   COMMON         

        CLASS   SFR0           

        CLASS   SFR1           

        CLASS   CONFIG         

        CLASS   IDLOC          

        CLASS   EEDATA         

        CLASS   BANK1          



SEGMENTS        Name                           Load    Length   Top    Selector   Space  Class     Delta

                reset_vec                      000000  000001  000001         0       0  CODE        2
                strings                        000001  00001A  00001B         2       0  STRING      2
                cstackBANK0                    00000C  000015  000021         C       1  BANK0       1
                text1                          000215  00003D  000252       42A       0  CODE        2
                text2                          000252  000081  0002D3       4A4       0  CODE        2
                maintext                       0002D3  000127  0003FA       5A6       0  CODE        2
                cinit                          0003FA  000006  000400       7F4       0  CODE        2


UNUSED ADDRESS RANGES

        Name                Unused          Largest block    Delta
        BANK0            021-04D            2D           1
        CODE             01B-214           1FA           2
        CONFIG           2007-2007             1           2
        CONST            01B-214           100           2
        EEDATA           2100-213F            40           2
        ENTRY            01B-214           100           2
        IDLOC            2000-2003             4           2
        RAM              021-04D            2D           1
        SFR0             000-00B             C           1
        SFR1             080-0CD            4E           1
        STACK            021-04D            2D           1
        STRCODE          01B-214           1FA           2
        STRING           01B-214           100           2

                                  Symbol Table

?_strncmp                cstackBANK0 00C
_CaptureKey              text2       252
_PORTA                   (abs)       005
_PORTB                   (abs)       006
_TRISA                   (abs)       085
_TRISB                   (abs)       086
__Habs1                  abs1        000
__Hbank0                 bank0       000
__Hbank1                 bank1       000
__HbssBANK0              bssBANK0    000
__Hcinit                 cinit       400
__Hclrtext               clrtext     000
__Hcode                  code        000
__Hcommon                common      000
__Hconfig                config      000
__HcstackBANK0           cstackBANK0 000
__Heeprom_data           eeprom_data 000
__Hend_init              end_init    001
__Hfunctab               functab     000
__Hidloc                 idloc       000
__Hinit                  init        000
__Hintentry              intentry    000
__Hmaintext              maintext    000
__Hpowerup               powerup     000
__Hram                   ram         000
__Hreset_vec             reset_vec   000
__Hsfr0                  sfr0        000
__Hsfr1                  sfr1        000
__Hspace_0               (abs)       400
__Hspace_1               (abs)       021
__Hspace_2               (abs)       000
__Hspace_3               (abs)       000
__Hstack                 stack       000
__Hstrings               strings     000
__Htext                  text        000
__Labs1                  abs1        000
__Lbank0                 bank0       000
__Lbank1                 bank1       000
__LbssBANK0              bssBANK0    000
__Lcinit                 cinit       3FA
__Lclrtext               clrtext     000
__Lcode                  code        000
__Lcommon                common      000
__Lconfig                config      000
__LcstackBANK0           cstackBANK0 000
__Leeprom_data           eeprom_data 000
__Lend_init              end_init    000
__Lfunctab               functab     000
__Lidloc                 idloc       000
__Linit                  init        000
__Lintentry              intentry    000
__Lmaintext              maintext    000
__Lpowerup               powerup     000
__Lram                   ram         000
__Lreset_vec             reset_vec   000
__Lsfr0                  sfr0        000
__Lsfr1                  sfr1        000
__Lspace_0               (abs)       000
__Lspace_1               (abs)       000
__Lspace_2               (abs)       000
__Lspace_3               (abs)       000
__Lstack                 stack       000
__Lstrings               strings     000
__Ltext                  text        000
__S0                     (abs)       400
__S1                     (abs)       021
__S2                     (abs)       000
__S3                     (abs)       000
___int_sp                stack       000
___latbits               (abs)       000
___sp                    stack       000
__end_of_CaptureKey      text2       2D3
__end_of__initialization cinit       3FE
__end_of__stringtab      strings     007
__end_of_main            maintext    3FA
__end_of_strncmp         text1       252
__initialization         cinit       3FA
__pbssBANK0              bssBANK0    01D
__pcstackBANK0           cstackBANK0 00C
__pmaintext              maintext    2D3
__pstrings               strings     001
__ptext1                 text1       215
__ptext2                 text2       252
__size_of_CaptureKey     (abs)       000
__size_of_main           (abs)       000
__size_of_strncmp        (abs)       000
__stringbase             strings     006
__stringtab              strings     001
_main                    maintext    2D3
_strncmp                 text1       215
btemp                    (abs)       04E
end_of_initialization    cinit       3FE
intlevel0                functab     000
intlevel1                functab     000
intlevel2                functab     000
intlevel3                functab     000
intlevel4                functab     000
intlevel5                functab     000
ltemp                    (abs)       04E
ltemp0                   (abs)       04E
ltemp1                   (abs)       052
ltemp2                   (abs)       056
ltemp3                   (abs)       050
main@F579                bssBANK0    01D
main@data                cstackBANK0 014
main@position            cstackBANK0 01B
main@psw_entry_enabled   cstackBANK0 018
main@temp                cstackBANK0 01C
main@usr_entry_enabled   cstackBANK0 01A
main@usr_entry_succeed   cstackBANK0 019
reset_vec                reset_vec   000
stackhi                  (abs)       000
stacklo                  (abs)       000
start                    init        000
start_initialization     cinit       3FA
strncmp@len              cstackBANK0 00D
strncmp@s1               cstackBANK0 011
strncmp@s2               cstackBANK0 00C
ttemp                    (abs)       04E
ttemp0                   (abs)       04E
ttemp1                   (abs)       051
ttemp2                   (abs)       054
ttemp3                   (abs)       057
ttemp4                   (abs)       04F
wtemp                    (abs)       04E
wtemp0                   (abs)       04E
wtemp1                   (abs)       050
wtemp2                   (abs)       052
wtemp3                   (abs)       054
wtemp4                   (abs)       056
wtemp5                   (abs)       058
wtemp6                   (abs)       04F


FUNCTION INFORMATION:

 *************** function _main *****************
 Defined at:
		line 78 in file "newmain.c"
 Parameters:    Size  Location     Type
		None
 Auto vars:     Size  Location     Type
  temp            1   16[BANK0 ] unsigned char 
  data            4    8[BANK0 ] unsigned char [4]
  position        1   15[BANK0 ] unsigned char 
  usr_entry_en    1   14[BANK0 ] unsigned char 
  usr_entry_su    1   13[BANK0 ] unsigned char 
  psw_entry_en    1   12[BANK0 ] unsigned char 
 Return value:  Size  Location     Type
                  1    wreg      void 
 Registers used:
		wreg, fsr0l, fsr0h, status,2, status,0, pclath, cstack
 Tracked objects:
		On entry : 
		On exit  : 
		Unchanged: 
 Data sizes:     COMMON   BANK0
      Params:         0       0
      Locals:         0       9
      Temps:          0       2
      Totals:         0      11
Total ram usage:       11 bytes
 Hardware stack levels required when called:    2
 This function calls:
		_CaptureKey
		_strncmp
 This function is called by:
		Startup code after reset
 This function uses a non-reentrant model


 *************** function _strncmp *****************
 Defined at:
		line 4 in file "C:\Program Files (x86)\Microchip\xc8\v1.38\sources\common\strncmp.c"
 Parameters:    Size  Location     Type
  s1              1    wreg     PTR const unsigned char 
		 -> main@data(4), 
  s2              1    0[BANK0 ] PTR const unsigned char 
		 -> STR_8(5), STR_7(5), STR_6(5), STR_5(5), 
		 -> STR_4(5), STR_3(5), STR_2(5), STR_1(5), 
  len             2    1[BANK0 ] unsigned int 
 Auto vars:     Size  Location     Type
  s1              1    5[BANK0 ] PTR const unsigned char 
		 -> main@data(4), 
 Return value:  Size  Location     Type
                  2    0[BANK0 ] int 
 Registers used:
		wreg, fsr0l, fsr0h, status,2, status,0, pclath
 Tracked objects:
		On entry : 
		On exit  : 
		Unchanged: 
 Data sizes:     COMMON   BANK0
      Params:         0       3
      Locals:         0       1
      Temps:          0       2
      Totals:         0       6
Total ram usage:        6 bytes
 Hardware stack levels used:    2
 This function calls:
		Nothing
 This function is called by:
		_main
 This function uses a non-reentrant model


 *************** function _CaptureKey *****************
 Defined at:
		line 28 in file "newmain.c"
 Parameters:    Size  Location     Type
		None
 Auto vars:     Size  Location     Type
		None
 Return value:  Size  Location     Type
                  1    wreg      unsigned char 
 Registers used:
		wreg, fsr0l, fsr0h, status,2, status,0
 Tracked objects:
		On entry : 
		On exit  : 
		Unchanged: 
 Data sizes:     COMMON   BANK0
      Params:         0       0
      Locals:         0       0
      Temps:          0       2
      Totals:         0       2
Total ram usage:        2 bytes
 Hardware stack levels used:    1
 This function calls:
		Nothing
 This function is called by:
		_main
 This function uses a non-reentrant model



MODULE INFORMATION

Module		Function		Class		Link	Load	Size
newmain.c
		_main          		CODE           	02D3	0000	296
		_CaptureKey    		CODE           	0252	0000	130

newmain.c estimated size: 426

C:\Program Files (x86)\Microchip\xc8\v1.38\sources\common\strncmp.c
		_strncmp       		CODE           	0215	0000	62

C:\Program Files (x86)\Microchip\xc8\v1.38\sources\common\strncmp.c estimated size: 62

shared
		__stringtab    		STRING         	0001	0000	7
		__initialization		CODE           	03FA	0000	5

shared estimated size: 12

