Microchip MPLAB XC8 Compiler V1.38 ()

Linker command line:

-W-3 --edf=C:\Program Files (x86)\Microchip\xc8\v1.38\dat\en_msgs.txt -cs \
  -h+dist/default/production\lab6.production.sym \
  --cmf=dist/default/production\lab6.production.cmf -z -Q16F84A \
  -oC:\Users\Art\AppData\Local\Temp\s5rc.2 \
  -Mdist/default/production/lab6.production.map -E1 -ver=XC8 \
  -ASTACK=026h-04dh -pstack=STACK -ACODE=00h-03FFh -ASTRCODE=00h-03FFh \
  -ASTRING=00h-0FFhx4 -ACONST=00h-0FFhx4 -AENTRY=00h-0FFhx4 \
  -ABANK0=0Ch-04Dh -ARAM=0Ch-04Dh -AABS1=0Ch-04Fh -ACOMMON=04Eh-04Fh \
  -ASFR0=00h-0Bh -ASFR1=080h-0CDh -preset_vec=00h,intentry,init,end_init \
  -ppowerup=CODE -pcinit=CODE -pfunctab=CODE -ACONFIG=02007h-02007h \
  -pconfig=CONFIG -DCONFIG=2 -AIDLOC=02000h-02003h -pidloc=IDLOC -DIDLOC=2 \
  -AEEDATA=00h-03Fh/02100h -peeprom_data=EEDATA -DEEDATA=2 -DCODE=2 \
  -DSTRCODE=2 -DSTRING=2 -DCONST=2 -DENTRY=2 -k \
  C:\Users\Art\AppData\Local\Temp\s5rc.obj \
  dist/default/production\lab6.production.obj 

Object code version is 3.11

Machine type is 16F84A



                Name                               Link     Load   Length Selector   Space Scale
C:\Users\Art\AppData\Local\Temp\s5rc.obj
                end_init                              0        0        1        0       0
dist/default/production\lab6.production.obj
                cinit                               3FE      3FE        2      7FC       0
                text2                               1FF      1FF       69      3FE       0
                swtext1                               1        1       17        2       0
                text1                               268      268      196      4D0       0
                maintext                            1F3      1F3        C      3E6       0
                cstackBANK0                           C        C       1A        C       1

TOTAL           Name                               Link     Load   Length     Space
        CLASS   STACK          

        CLASS   CODE           
                end_init                              0        0        1         0
                cinit                               3FE      3FE        2         0
                text2                               1FF      1FF       69         0
                text1                               268      268      196         0
                maintext                            1F3      1F3        C         0

        CLASS   STRCODE        

        CLASS   STRING         

        CLASS   CONST          
                swtext1                               1        1       17         0

        CLASS   ENTRY          

        CLASS   BANK0          
                cstackBANK0                           C        C       1A         1

        CLASS   RAM            

        CLASS   ABS1           
                abs_s1                               4E       4E        2         1

        CLASS   COMMON         

        CLASS   SFR0           

        CLASS   SFR1           

        CLASS   CONFIG         

        CLASS   IDLOC          

        CLASS   EEDATA         

        CLASS   BANK1          



SEGMENTS        Name                           Load    Length   Top    Selector   Space  Class     Delta

                reset_vec                      000000  000001  000001         0       0  CODE        2
                swtext1                        000001  000017  000018         2       0  CONST       2
                cstackBANK0                    00000C  00001A  000026         C       1  BANK0       1
                maintext                       0001F3  00000C  0001FF       3E6       0  CODE        2
                text2                          0001FF  000069  000268       3FE       0  CODE        2
                text1                          000268  000196  0003FE       4D0       0  CODE        2
                cinit                          0003FE  000002  000400       7FC       0  CODE        2


UNUSED ADDRESS RANGES

        Name                Unused          Largest block    Delta
        BANK0            026-04D            28           1
        CODE             018-1F2           1DB           2
        CONFIG           2007-2007             1           2
        CONST            018-1F2            E8           2
        EEDATA           2100-213F            40           2
        ENTRY            018-1F2            E8           2
        IDLOC            2000-2003             4           2
        RAM              026-04D            28           1
        SFR0             000-00B             C           1
        SFR1             080-0CD            4E           1
        STACK            026-04D            28           1
        STRCODE          018-1F2           1DB           2
        STRING           018-1F2            E8           2

                                  Symbol Table

Play@data                cstackBANK0  00D
Play@i                   cstackBANK0  00E
Play@i_32                cstackBANK0  010
Play@i_33                cstackBANK0  012
Play@i_34                cstackBANK0  014
Play@i_35                cstackBANK0  016
Play@i_36                cstackBANK0  018
Play@i_37                cstackBANK0  01A
Play@i_38                cstackBANK0  01C
Play@i_39                cstackBANK0  01E
Play@i_40                cstackBANK0  020
Play@i_41                cstackBANK0  022
Play@i_42                cstackBANK0  024
_CaptureKey              text2        1FF
_PORTA                   (abs)        005
_PORTB                   (abs)        006
_Play                    text1        268
_TRISA                   (abs)        085
_TRISB                   (abs)        086
__Habs1                  abs1         000
__Hbank0                 bank0        000
__Hbank1                 bank1        000
__Hcinit                 cinit        400
__Hclrtext               clrtext      000
__Hcode                  code         000
__Hcommon                common       000
__Hconfig                config       000
__HcstackBANK0           cstackBANK0  000
__HcstackCOMMON          cstackCOMMON 000
__Heeprom_data           eeprom_data  000
__Hend_init              end_init     001
__Hfunctab               functab      000
__Hidloc                 idloc        000
__Hinit                  init         000
__Hintentry              intentry     000
__Hmaintext              maintext     000
__Hpowerup               powerup      000
__Hram                   ram          000
__Hreset_vec             reset_vec    000
__Hsfr0                  sfr0         000
__Hsfr1                  sfr1         000
__Hspace_0               (abs)        400
__Hspace_1               (abs)        026
__Hspace_2               (abs)        000
__Hspace_3               (abs)        000
__Hstack                 stack        000
__Hstrings               strings      000
__Htext                  text         000
__Labs1                  abs1         000
__Lbank0                 bank0        000
__Lbank1                 bank1        000
__Lcinit                 cinit        3FE
__Lclrtext               clrtext      000
__Lcode                  code         000
__Lcommon                common       000
__Lconfig                config       000
__LcstackBANK0           cstackBANK0  000
__LcstackCOMMON          cstackCOMMON 000
__Leeprom_data           eeprom_data  000
__Lend_init              end_init     000
__Lfunctab               functab      000
__Lidloc                 idloc        000
__Linit                  init         000
__Lintentry              intentry     000
__Lmaintext              maintext     000
__Lpowerup               powerup      000
__Lram                   ram          000
__Lreset_vec             reset_vec    000
__Lsfr0                  sfr0         000
__Lsfr1                  sfr1         000
__Lspace_0               (abs)        000
__Lspace_1               (abs)        000
__Lspace_2               (abs)        000
__Lspace_3               (abs)        000
__Lstack                 stack        000
__Lstrings               strings      000
__Ltext                  text         000
__S0                     (abs)        400
__S1                     (abs)        026
__S2                     (abs)        000
__S3                     (abs)        000
___int_sp                stack        000
___latbits               (abs)        000
___sp                    stack        000
__end_of_CaptureKey      text2        268
__end_of_Play            text1        3FE
__end_of__initialization cinit        3FE
__end_of_main            maintext     1FF
__initialization         cinit        3FE
__pcstackBANK0           cstackBANK0  00C
__pcstackCOMMON          cstackCOMMON 000
__pmaintext              maintext     1F3
__pswtext1               swtext1      001
__ptext1                 text1        268
__ptext2                 text2        1FF
__size_of_CaptureKey     (abs)        000
__size_of_Play           (abs)        000
__size_of_main           (abs)        000
_main                    maintext     1F3
btemp                    (abs)        04E
end_of_initialization    cinit        3FE
intlevel0                functab      000
intlevel1                functab      000
intlevel2                functab      000
intlevel3                functab      000
intlevel4                functab      000
intlevel5                functab      000
ltemp                    (abs)        04E
ltemp0                   (abs)        04E
ltemp1                   (abs)        052
ltemp2                   (abs)        056
ltemp3                   (abs)        050
reset_vec                reset_vec    000
stackhi                  (abs)        000
stacklo                  (abs)        000
start                    init         000
start_initialization     cinit        3FE
ttemp                    (abs)        04E
ttemp0                   (abs)        04E
ttemp1                   (abs)        051
ttemp2                   (abs)        054
ttemp3                   (abs)        057
ttemp4                   (abs)        04F
wtemp                    (abs)        04E
wtemp0                   (abs)        04E
wtemp1                   (abs)        050
wtemp2                   (abs)        052
wtemp3                   (abs)        054
wtemp4                   (abs)        056
wtemp5                   (abs)        058
wtemp6                   (abs)        04F


FUNCTION INFORMATION:

 *************** function _main *****************
 Defined at:
		line 157 in file "newmain.c"
 Parameters:    Size  Location     Type
		None
 Auto vars:     Size  Location     Type
		None
 Return value:  Size  Location     Type
                  1    wreg      void 
 Registers used:
		wreg, fsr0l, fsr0h, status,2, status,0, pclath, cstack
 Tracked objects:
		On entry : 
		On exit  : 
		Unchanged: 
 Data sizes:     COMMON   BANK0
      Params:         0       0
      Locals:         0       0
      Temps:          0       0
      Totals:         0       0
Total ram usage:        0 bytes
 Hardware stack levels required when called:    1
 This function calls:
		_CaptureKey
		_Play
 This function is called by:
		Startup code after reset
 This function uses a non-reentrant model


 *************** function _Play *****************
 Defined at:
		line 15 in file "newmain.c"
 Parameters:    Size  Location     Type
  data            1    wreg     unsigned char 
 Auto vars:     Size  Location     Type
  data            1    1[BANK0 ] unsigned char 
  i               2   24[BANK0 ] unsigned int 
  i               2   22[BANK0 ] unsigned int 
  i               2   20[BANK0 ] unsigned int 
  i               2   18[BANK0 ] unsigned int 
  i               2   16[BANK0 ] unsigned int 
  i               2   14[BANK0 ] unsigned int 
  i               2   12[BANK0 ] unsigned int 
  i               2   10[BANK0 ] unsigned int 
  i               2    8[BANK0 ] unsigned int 
  i               2    6[BANK0 ] unsigned int 
  i               2    4[BANK0 ] unsigned int 
  i               2    2[BANK0 ] unsigned int 
 Return value:  Size  Location     Type
                  1    wreg      void 
 Registers used:
		wreg, fsr0l, fsr0h, status,2, status,0
 Tracked objects:
		On entry : 
		On exit  : 
		Unchanged: 
 Data sizes:     COMMON   BANK0
      Params:         0       0
      Locals:         0      25
      Temps:          0       1
      Totals:         0      26
Total ram usage:       26 bytes
 Hardware stack levels used:    1
 This function calls:
		Nothing
 This function is called by:
		_main
 This function uses a non-reentrant model


 *************** function _CaptureKey *****************
 Defined at:
		line 119 in file "newmain.c"
 Parameters:    Size  Location     Type
		None
 Auto vars:     Size  Location     Type
		None
 Return value:  Size  Location     Type
                  1    wreg      unsigned char 
 Registers used:
		wreg, fsr0l, fsr0h, status,2, status,0
 Tracked objects:
		On entry : 
		On exit  : 
		Unchanged: 
 Data sizes:     COMMON   BANK0
      Params:         0       0
      Locals:         0       0
      Temps:          0       2
      Totals:         0       2
Total ram usage:        2 bytes
 Hardware stack levels used:    1
 This function calls:
		Nothing
 This function is called by:
		_main
 This function uses a non-reentrant model



MODULE INFORMATION

Module		Function		Class		Link	Load	Size
newmain.c
		_main          		CODE           	01F3	0000	13
		_CaptureKey    		CODE           	01FF	0000	106
		_Play          		CODE           	0268	0000	407

newmain.c estimated size: 526

shared
		__initialization		CODE           	03FE	0000	1

shared estimated size: 1

