Microchip MPLAB XC8 Compiler V1.38 ()

Linker command line:

-W-3 --edf=C:\Program Files (x86)\Microchip\xc8\v1.38\dat\en_msgs.txt -cs \
  -h+dist/default/production\lab1.X.production.sym \
  --cmf=dist/default/production\lab1.X.production.cmf -z -Q16F84A \
  -oC:\Users\Art\AppData\Local\Temp\s830.2 \
  -Mdist/default/production/lab1.X.production.map -E1 -ver=XC8 \
  -ASTACK=025h-04dh -pstack=STACK -ACODE=00h-03FFh -ASTRCODE=00h-03FFh \
  -ASTRING=00h-0FFhx4 -ACONST=00h-0FFhx4 -AENTRY=00h-0FFhx4 \
  -ABANK0=0Ch-04Dh -ARAM=0Ch-04Dh -AABS1=0Ch-04Fh -ACOMMON=04Eh-04Fh \
  -ASFR0=00h-0Bh -ASFR1=080h-0CDh -preset_vec=00h,intentry,init,end_init \
  -ppowerup=CODE -pcinit=CODE -pfunctab=CODE -ACONFIG=02007h-02007h \
  -pconfig=CONFIG -DCONFIG=2 -AIDLOC=02000h-02003h -pidloc=IDLOC -DIDLOC=2 \
  -AEEDATA=00h-03Fh/02100h -peeprom_data=EEDATA -DEEDATA=2 -DCODE=2 \
  -DSTRCODE=2 -DSTRING=2 -DCONST=2 -DENTRY=2 -k \
  C:\Users\Art\AppData\Local\Temp\s830.obj \
  dist/default/production\lab1.X.production.obj 

Object code version is 3.11

Machine type is 16F84A



                Name                               Link     Load   Length Selector   Space Scale
C:\Users\Art\AppData\Local\Temp\s830.obj
                end_init                              0        0        1        0       0
dist/default/production\lab1.X.production.obj
                cinit                               3FE      3FE        2      7FC       0
                swtext2                               B        B        4        2       0
                swtext1                               1        1        A        2       0
                text4                               2BF      2BF       3C      57E       0
                text3                               2FB      2FB       3D      5F6       0
                text2                               28C      28C       33      518       0
                text1                               378      378       86      6F0       0
                maintext                            338      338       40      670       0
                cstackBANK0                           C        C       19        C       1

TOTAL           Name                               Link     Load   Length     Space
        CLASS   STACK          

        CLASS   CODE           
                end_init                              0        0        1         0
                cinit                               3FE      3FE        2         0
                text4                               2BF      2BF       3C         0
                text3                               2FB      2FB       3D         0
                text2                               28C      28C       33         0
                text1                               378      378       86         0
                maintext                            338      338       40         0

        CLASS   STRCODE        

        CLASS   STRING         

        CLASS   CONST          
                swtext2                               B        B        4         0
                swtext1                               1        1        A         0

        CLASS   ENTRY          

        CLASS   BANK0          
                cstackBANK0                           C        C       19         1

        CLASS   RAM            

        CLASS   ABS1           
                abs_s1                               4E       4E        2         1

        CLASS   COMMON         

        CLASS   SFR0           

        CLASS   SFR1           

        CLASS   CONFIG         

        CLASS   IDLOC          

        CLASS   EEDATA         

        CLASS   BANK1          



SEGMENTS        Name                           Load    Length   Top    Selector   Space  Class     Delta

                reset_vec                      000000  000001  000001         0       0  CODE        2
                swtext1                        000001  00000E  00000F         2       0  CONST       2
                cstackBANK0                    00000C  000019  000025         C       1  BANK0       1
                text2                          00028C  000033  0002BF       518       0  CODE        2
                text4                          0002BF  00003C  0002FB       57E       0  CODE        2
                text3                          0002FB  00003D  000338       5F6       0  CODE        2
                maintext                       000338  000040  000378       670       0  CODE        2
                text1                          000378  000086  0003FE       6F0       0  CODE        2
                cinit                          0003FE  000002  000400       7FC       0  CODE        2


UNUSED ADDRESS RANGES

        Name                Unused          Largest block    Delta
        BANK0            025-04D            29           1
        CODE             00F-28B           27D           2
        CONFIG           2007-2007             1           2
        CONST            00F-28B           100           2
        EEDATA           2100-213F            40           2
        ENTRY            00F-28B           100           2
        IDLOC            2000-2003             4           2
        RAM              025-04D            29           1
        SFR0             000-00B             C           1
        SFR1             080-0CD            4E           1
        STACK            025-04D            29           1
        STRCODE          00F-28B           27D           2
        STRING           00F-28B           100           2

                                  Symbol Table

?___lwdiv                cstackBANK0  012
?___lwmod                cstackBANK0  00C
DisplayData@data         cstackBANK0  01C
DisplayDigit@data        cstackBANK0  01B
DisplayDigit@position    cstackBANK0  01A
_DisplayData             text1        378
_DisplayDigit            text4        2BF
_PORTA                   (abs)        005
_PORTB                   (abs)        006
_PS0                     (abs)        408
_PS1                     (abs)        409
_PS2                     (abs)        40A
_PSA                     (abs)        40B
_T0CS                    (abs)        40D
_T0IF                    (abs)        05A
_T0SE                    (abs)        40C
_TMR0                    (abs)        001
_TRISA                   (abs)        085
_TRISB                   (abs)        086
__Habs1                  abs1         000
__Hbank0                 bank0        000
__Hbank1                 bank1        000
__Hcinit                 cinit        400
__Hclrtext               clrtext      000
__Hcode                  code         000
__Hcommon                common       000
__Hconfig                config       000
__HcstackBANK0           cstackBANK0  000
__HcstackCOMMON          cstackCOMMON 000
__Heeprom_data           eeprom_data  000
__Hend_init              end_init     001
__Hfunctab               functab      000
__Hidloc                 idloc        000
__Hinit                  init         000
__Hintentry              intentry     000
__Hmaintext              maintext     000
__Hpowerup               powerup      000
__Hram                   ram          000
__Hreset_vec             reset_vec    000
__Hsfr0                  sfr0         000
__Hsfr1                  sfr1         000
__Hspace_0               (abs)        400
__Hspace_1               (abs)        025
__Hspace_2               (abs)        000
__Hspace_3               (abs)        000
__Hstack                 stack        000
__Hstrings               strings      000
__Htext                  text         000
__Labs1                  abs1         000
__Lbank0                 bank0        000
__Lbank1                 bank1        000
__Lcinit                 cinit        3FE
__Lclrtext               clrtext      000
__Lcode                  code         000
__Lcommon                common       000
__Lconfig                config       000
__LcstackBANK0           cstackBANK0  000
__LcstackCOMMON          cstackCOMMON 000
__Leeprom_data           eeprom_data  000
__Lend_init              end_init     000
__Lfunctab               functab      000
__Lidloc                 idloc        000
__Linit                  init         000
__Lintentry              intentry     000
__Lmaintext              maintext     000
__Lpowerup               powerup      000
__Lram                   ram          000
__Lreset_vec             reset_vec    000
__Lsfr0                  sfr0         000
__Lsfr1                  sfr1         000
__Lspace_0               (abs)        000
__Lspace_1               (abs)        000
__Lspace_2               (abs)        000
__Lspace_3               (abs)        000
__Lstack                 stack        000
__Lstrings               strings      000
__Ltext                  text         000
__S0                     (abs)        400
__S1                     (abs)        025
__S2                     (abs)        000
__S3                     (abs)        000
___int_sp                stack        000
___latbits               (abs)        000
___lwdiv                 text3        2FB
___lwdiv@counter         cstackBANK0  019
___lwdiv@dividend        cstackBANK0  014
___lwdiv@divisor         cstackBANK0  012
___lwdiv@quotient        cstackBANK0  017
___lwmod                 text2        28C
___lwmod@counter         cstackBANK0  011
___lwmod@dividend        cstackBANK0  00E
___lwmod@divisor         cstackBANK0  00C
___sp                    stack        000
__end_of_DisplayData     text1        3FE
__end_of_DisplayDigit    text4        2FB
__end_of___lwdiv         text3        338
__end_of___lwmod         text2        2BF
__end_of__initialization cinit        3FE
__end_of_main            maintext     378
__initialization         cinit        3FE
__pcstackBANK0           cstackBANK0  00C
__pcstackCOMMON          cstackCOMMON 000
__pmaintext              maintext     338
__pswtext1               swtext1      001
__pswtext2               swtext2      00B
__ptext1                 text1        378
__ptext2                 text2        28C
__ptext3                 text3        2FB
__ptext4                 text4        2BF
__size_of_DisplayData    (abs)        000
__size_of_DisplayDigit   (abs)        000
__size_of___lwdiv        (abs)        000
__size_of___lwmod        (abs)        000
__size_of_main           (abs)        000
_main                    maintext     338
btemp                    (abs)        04E
end_of_initialization    cinit        3FE
intlevel0                functab      000
intlevel1                functab      000
intlevel2                functab      000
intlevel3                functab      000
intlevel4                functab      000
intlevel5                functab      000
ltemp                    (abs)        04E
ltemp0                   (abs)        04E
ltemp1                   (abs)        052
ltemp2                   (abs)        056
ltemp3                   (abs)        050
main@measure_enabled     cstackBANK0  023
main@seconds             cstackBANK0  024
main@sub_seconds         cstackBANK0  022
reset_vec                reset_vec    000
stackhi                  (abs)        000
stacklo                  (abs)        000
start                    init         000
start_initialization     cinit        3FE
ttemp                    (abs)        04E
ttemp0                   (abs)        04E
ttemp1                   (abs)        051
ttemp2                   (abs)        054
ttemp3                   (abs)        057
ttemp4                   (abs)        04F
wtemp                    (abs)        04E
wtemp0                   (abs)        04E
wtemp1                   (abs)        050
wtemp2                   (abs)        052
wtemp3                   (abs)        054
wtemp4                   (abs)        056
wtemp5                   (abs)        058
wtemp6                   (abs)        04F


FUNCTION INFORMATION:

 *************** function _main *****************
 Defined at:
		line 90 in file "newmain.c"
 Parameters:    Size  Location     Type
		None
 Auto vars:     Size  Location     Type
  seconds         1   24[BANK0 ] unsigned char 
  measure_enab    1   23[BANK0 ] unsigned char 
  sub_seconds     1   22[BANK0 ] unsigned char 
 Return value:  Size  Location     Type
                  1    wreg      void 
 Registers used:
		wreg, fsr0l, fsr0h, status,2, status,0, pclath, cstack
 Tracked objects:
		On entry : 
		On exit  : 
		Unchanged: 
 Data sizes:     COMMON   BANK0
      Params:         0       0
      Locals:         0       3
      Temps:          0       2
      Totals:         0       5
Total ram usage:        5 bytes
 Hardware stack levels required when called:    2
 This function calls:
		_DisplayData
 This function is called by:
		Startup code after reset
 This function uses a non-reentrant model


 *************** function _DisplayData *****************
 Defined at:
		line 78 in file "newmain.c"
 Parameters:    Size  Location     Type
  data            2   16[BANK0 ] unsigned int 
 Auto vars:     Size  Location     Type
		None
 Return value:  Size  Location     Type
                  1    wreg      void 
 Registers used:
		wreg, fsr0l, fsr0h, status,2, status,0, pclath, cstack
 Tracked objects:
		On entry : 
		On exit  : 
		Unchanged: 
 Data sizes:     COMMON   BANK0
      Params:         0       2
      Locals:         0       0
      Temps:          0       2
      Totals:         0       4
Total ram usage:        4 bytes
 Hardware stack levels used:    1
 Hardware stack levels required when called:    1
 This function calls:
		_DisplayDigit
		___lwdiv
		___lwmod
 This function is called by:
		_main
 This function uses a non-reentrant model


 *************** function ___lwmod *****************
 Defined at:
		line 6 in file "C:\Program Files (x86)\Microchip\xc8\v1.38\sources\common\lwmod.c"
 Parameters:    Size  Location     Type
  divisor         2    0[BANK0 ] unsigned int 
  dividend        2    2[BANK0 ] unsigned int 
 Auto vars:     Size  Location     Type
  counter         1    5[BANK0 ] unsigned char 
 Return value:  Size  Location     Type
                  2    0[BANK0 ] unsigned int 
 Registers used:
		wreg, status,2, status,0
 Tracked objects:
		On entry : 
		On exit  : 
		Unchanged: 
 Data sizes:     COMMON   BANK0
      Params:         0       4
      Locals:         0       1
      Temps:          0       1
      Totals:         0       6
Total ram usage:        6 bytes
 Hardware stack levels used:    1
 This function calls:
		Nothing
 This function is called by:
		_DisplayData
 This function uses a non-reentrant model


 *************** function ___lwdiv *****************
 Defined at:
		line 6 in file "C:\Program Files (x86)\Microchip\xc8\v1.38\sources\common\lwdiv.c"
 Parameters:    Size  Location     Type
  divisor         2    6[BANK0 ] unsigned int 
  dividend        2    8[BANK0 ] unsigned int 
 Auto vars:     Size  Location     Type
  quotient        2   11[BANK0 ] unsigned int 
  counter         1   13[BANK0 ] unsigned char 
 Return value:  Size  Location     Type
                  2    6[BANK0 ] unsigned int 
 Registers used:
		wreg, status,2, status,0
 Tracked objects:
		On entry : 
		On exit  : 
		Unchanged: 
 Data sizes:     COMMON   BANK0
      Params:         0       4
      Locals:         0       3
      Temps:          0       1
      Totals:         0       8
Total ram usage:        8 bytes
 Hardware stack levels used:    1
 This function calls:
		Nothing
 This function is called by:
		_DisplayData
 This function uses a non-reentrant model


 *************** function _DisplayDigit *****************
 Defined at:
		line 28 in file "newmain.c"
 Parameters:    Size  Location     Type
  data            1    wreg     unsigned char 
  position        1   14[BANK0 ] unsigned char 
 Auto vars:     Size  Location     Type
  data            1   15[BANK0 ] unsigned char 
 Return value:  Size  Location     Type
                  1    wreg      void 
 Registers used:
		wreg, fsr0l, fsr0h, status,2, status,0
 Tracked objects:
		On entry : 
		On exit  : 
		Unchanged: 
 Data sizes:     COMMON   BANK0
      Params:         0       1
      Locals:         0       1
      Temps:          0       0
      Totals:         0       2
Total ram usage:        2 bytes
 Hardware stack levels used:    1
 This function calls:
		Nothing
 This function is called by:
		_DisplayData
 This function uses a non-reentrant model



MODULE INFORMATION

Module		Function		Class		Link	Load	Size
C:\Program Files (x86)\Microchip\xc8\v1.38\sources\common\lwmod.c
		___lwmod       		CODE           	028C	0000	52

C:\Program Files (x86)\Microchip\xc8\v1.38\sources\common\lwmod.c estimated size: 52

newmain.c
		_main          		CODE           	0338	0000	65
		_DisplayData   		CODE           	0378	0000	135
		_DisplayDigit  		CODE           	02BF	0000	61

newmain.c estimated size: 261

C:\Program Files (x86)\Microchip\xc8\v1.38\sources\common\lwdiv.c
		___lwdiv       		CODE           	02FB	0000	62

C:\Program Files (x86)\Microchip\xc8\v1.38\sources\common\lwdiv.c estimated size: 62

shared
		__initialization		CODE           	03FE	0000	1

shared estimated size: 1

