Microchip MPLAB XC8 Compiler V1.38 ()

Linker command line:

-W-3 --edf=C:\Program Files (x86)\Microchip\xc8\v1.38\dat\en_msgs.txt -cs \
  -h+dist/default/production\lab3.production.sym \
  --cmf=dist/default/production\lab3.production.cmf -z -Q16F84A \
  -oC:\Users\axisg\AppData\Local\Temp\s2nk.2 \
  -Mdist/default/production/lab3.production.map -E1 -ver=XC8 \
  -ASTACK=026h-04dh -pstack=STACK -ACODE=00h-03FFh -ASTRCODE=00h-03FFh \
  -ASTRING=00h-0FFhx4 -ACONST=00h-0FFhx4 -AENTRY=00h-0FFhx4 \
  -ABANK0=0Ch-04Dh -ARAM=0Ch-04Dh -AABS1=0Ch-04Fh -ACOMMON=04Eh-04Fh \
  -ASFR0=00h-0Bh -ASFR1=080h-0CDh \
  -preset_vec=00h,intentry=04h,init,end_init -ppowerup=CODE -pcinit=CODE \
  -pfunctab=CODE -ACONFIG=02007h-02007h -pconfig=CONFIG -DCONFIG=2 \
  -AIDLOC=02000h-02003h -pidloc=IDLOC -DIDLOC=2 -AEEDATA=00h-03Fh/02100h \
  -peeprom_data=EEDATA -DEEDATA=2 -DCODE=2 -DSTRCODE=2 -DSTRING=2 -DCONST=2 \
  -DENTRY=2 -k C:\Users\axisg\AppData\Local\Temp\s2nk.obj \
  dist/default/production\lab3.production.obj 

Object code version is 3.11

Machine type is 16F84A



                Name                               Link     Load   Length Selector   Space Scale
C:\Users\axisg\AppData\Local\Temp\s2nk.obj
                end_init                              F        F        1        8       0
                reset_vec                             0        0        1        0       0
dist/default/production\lab3.production.obj
                cinit                                10       10        4        8       0
                intentry                              4        4        B        8       0
                text7                               1FE      1FE       14        8       0
                swtext2                             212      212        A      424       0
                swtext1                             21C      21C        6      424       0
                text6                                14       14       7F        8       0
                text5                                93       93       5A        8       0
                text4                               139      139       4C        8       0
                text3                               1AF      1AF       2A        8       0
                text2                               185      185       2A        8       0
                text1                               1D9      1D9       25        8       0
                maintext                             ED       ED       4C        8       0
                cstackBANK0                           C        C       18        C       1
                bssBANK0                             24       24        2        C       1

TOTAL           Name                               Link     Load   Length     Space
        CLASS   STACK          

        CLASS   CODE           
                end_init                              F        F        1         0
                cinit                                10       10        4         0
                intentry                              4        4        B         0
                reset_vec                             0        0        1         0
                text7                               1FE      1FE       14         0
                text6                                14       14       7F         0
                text5                                93       93       5A         0
                text4                               139      139       4C         0
                text3                               1AF      1AF       2A         0
                text2                               185      185       2A         0
                text1                               1D9      1D9       25         0
                maintext                             ED       ED       4C         0

        CLASS   STRCODE        

        CLASS   STRING         

        CLASS   CONST          
                swtext2                             212      212        A         0
                swtext1                             21C      21C        6         0

        CLASS   ENTRY          

        CLASS   BANK0          
                cstackBANK0                           C        C       18         1
                bssBANK0                             24       24        2         1

        CLASS   RAM            

        CLASS   ABS1           
                abs_s1                               4E       4E        2         1

        CLASS   COMMON         

        CLASS   SFR0           

        CLASS   SFR1           

        CLASS   CONFIG         

        CLASS   IDLOC          

        CLASS   EEDATA         

        CLASS   BANK1          



SEGMENTS        Name                           Load    Length   Top    Selector   Space  Class     Delta

                reset_vec                      000000  000001  000001         0       0  CODE        2
                intentry                       000004  00020E  000212         8       0  CODE        2
                cstackBANK0                    00000C  00001A  000026         C       1  BANK0       1
                swtext2                        000212  000010  000222       424       0  CONST       2


UNUSED ADDRESS RANGES

        Name                Unused          Largest block    Delta
        BANK0            026-04D            28           1
        CODE             001-003             3           2
                         222-3FF           1DE
        CONFIG           2007-2007             1           2
        CONST            001-003             3           2
                         222-3FF            DE
        EEDATA           2100-213F            40           2
        ENTRY            001-003             3           2
                         222-3FF            DE
        IDLOC            2000-2003             4           2
        RAM              026-04D            28           1
        SFR0             000-00B             C           1
        SFR1             080-0CD            4E           1
        STACK            026-04D            28           1
        STRCODE          001-003             3           2
                         222-3FF           1DE
        STRING           001-003             3           2
                         222-3FF            DE

                                  Symbol Table

?___awdiv                cstackBANK0 010
?___awmod                cstackBANK0 010
DisplayDigit@data        cstackBANK0 01B
DisplayDigit@position    cstackBANK0 019
DisplayHours@data        cstackBANK0 01F
DisplayMins@data         cstackBANK0 01F
DisplaySec@data          cstackBANK0 01E
_DisplayDigit            text6       014
_DisplayHours            text3       1AF
_DisplayMins             text2       185
_DisplaySec              text1       1D9
_GIE                     (abs)       05F
_PORTA                   (abs)       005
_PORTB                   (abs)       006
_PS0                     (abs)       408
_PS1                     (abs)       409
_PS2                     (abs)       40A
_PSA                     (abs)       40B
_T0CS                    (abs)       40D
_T0IE                    (abs)       05D
_T0IF                    (abs)       05A
_T0SE                    (abs)       40C
_TMR0                    (abs)       001
_TRISA                   (abs)       085
_TRISB                   (abs)       086
__Habs1                  abs1        000
__Hbank0                 bank0       000
__Hbank1                 bank1       000
__HbssBANK0              bssBANK0    000
__Hcinit                 cinit       014
__Hclrtext               clrtext     000
__Hcode                  code        000
__Hcommon                common      000
__Hconfig                config      000
__HcstackBANK0           cstackBANK0 000
__Heeprom_data           eeprom_data 000
__Hend_init              end_init    010
__Hfunctab               functab     000
__Hidloc                 idloc       000
__Hinit                  init        00F
__Hintentry              intentry    00F
__Hmaintext              maintext    000
__Hpowerup               powerup     000
__Hram                   ram         000
__Hreset_vec             reset_vec   001
__Hsfr0                  sfr0        000
__Hsfr1                  sfr1        000
__Hspace_0               (abs)       222
__Hspace_1               (abs)       026
__Hspace_2               (abs)       000
__Hspace_3               (abs)       000
__Hstack                 stack       000
__Hstrings               strings     000
__Htext                  text        000
__Labs1                  abs1        000
__Lbank0                 bank0       000
__Lbank1                 bank1       000
__LbssBANK0              bssBANK0    000
__Lcinit                 cinit       010
__Lclrtext               clrtext     000
__Lcode                  code        000
__Lcommon                common      000
__Lconfig                config      000
__LcstackBANK0           cstackBANK0 000
__Leeprom_data           eeprom_data 000
__Lend_init              end_init    00F
__Lfunctab               functab     000
__Lidloc                 idloc       000
__Linit                  init        00F
__Lintentry              intentry    004
__Lmaintext              maintext    000
__Lpowerup               powerup     000
__Lram                   ram         000
__Lreset_vec             reset_vec   000
__Lsfr0                  sfr0        000
__Lsfr1                  sfr1        000
__Lspace_0               (abs)       000
__Lspace_1               (abs)       000
__Lspace_2               (abs)       000
__Lspace_3               (abs)       000
__Lstack                 stack       000
__Lstrings               strings     000
__Ltext                  text        000
__S0                     (abs)       222
__S1                     (abs)       026
__S2                     (abs)       000
__S3                     (abs)       000
___awdiv                 text5       093
___awdiv@counter         cstackBANK0 015
___awdiv@dividend        cstackBANK0 012
___awdiv@divisor         cstackBANK0 010
___awdiv@quotient        cstackBANK0 017
___awdiv@sign            cstackBANK0 016
___awmod                 text4       139
___awmod@counter         cstackBANK0 015
___awmod@dividend        cstackBANK0 012
___awmod@divisor         cstackBANK0 010
___awmod@sign            cstackBANK0 016
___int_sp                stack       000
___latbits               (abs)       000
___sp                    stack       000
__end_of_DisplayDigit    text6       093
__end_of_DisplayHours    text3       1D9
__end_of_DisplayMins     text2       1AF
__end_of_DisplaySec      text1       1FE
__end_of___awdiv         text5       0ED
__end_of___awmod         text4       185
__end_of__initialization cinit       012
__end_of_isr             text7       212
__end_of_main            maintext    139
__initialization         cinit       010
__pbssBANK0              bssBANK0    024
__pcstackBANK0           cstackBANK0 00C
__pintentry              intentry    004
__pmaintext              maintext    0ED
__pswtext1               swtext1     21C
__pswtext2               swtext2     212
__ptext1                 text1       1D9
__ptext2                 text2       185
__ptext3                 text3       1AF
__ptext4                 text4       139
__ptext5                 text5       093
__ptext6                 text6       014
__ptext7                 text7       1FE
__size_of_DisplayDigit   (abs)       000
__size_of_DisplayHours   (abs)       000
__size_of_DisplayMins    (abs)       000
__size_of_DisplaySec     (abs)       000
__size_of___awdiv        (abs)       000
__size_of___awmod        (abs)       000
__size_of_isr            (abs)       000
__size_of_main           (abs)       000
_isr                     text7       1FE
_main                    maintext    0ED
_sub_seconds             bssBANK0    024
btemp                    (abs)       04E
end_of_initialization    cinit       012
interrupt_function       intentry    004
intlevel0                functab     000
intlevel1                functab     000
intlevel2                functab     000
intlevel3                functab     000
intlevel4                functab     000
intlevel5                functab     000
ltemp                    (abs)       04E
ltemp0                   (abs)       04E
ltemp1                   (abs)       052
ltemp2                   (abs)       056
ltemp3                   (abs)       050
main@hours               cstackBANK0 021
main@min                 cstackBANK0 022
main@sec                 cstackBANK0 023
reset_vec                reset_vec   000
saved_w                  (abs)       04E
stackhi                  (abs)       000
stacklo                  (abs)       000
start                    init        00F
start_initialization     cinit       010
ttemp                    (abs)       04E
ttemp0                   (abs)       04E
ttemp1                   (abs)       051
ttemp2                   (abs)       054
ttemp3                   (abs)       057
ttemp4                   (abs)       04F
wtemp                    (abs)       04E
wtemp0                   (abs)       04E
wtemp1                   (abs)       050
wtemp2                   (abs)       052
wtemp3                   (abs)       054
wtemp4                   (abs)       056
wtemp5                   (abs)       058
wtemp6                   (abs)       04F


FUNCTION INFORMATION:

 *************** function _main *****************
 Defined at:
		line 134 in file "newmain.c"
 Parameters:    Size  Location     Type
		None
 Auto vars:     Size  Location     Type
  sec             1   23[BANK0 ] unsigned char 
  min             1   22[BANK0 ] unsigned char 
  hours           1   21[BANK0 ] unsigned char 
 Return value:  Size  Location     Type
                  1    wreg      void 
 Registers used:
		wreg, fsr0l, fsr0h, status,2, status,0, pclath, cstack
 Tracked objects:
		On entry : 
		On exit  : 
		Unchanged: 
 Data sizes:     COMMON   BANK0
      Params:         0       0
      Locals:         0       3
      Temps:          0       1
      Totals:         0       4
Total ram usage:        4 bytes
 Hardware stack levels required when called:    3
 This function calls:
		_DisplayHours
		_DisplayMins
		_DisplaySec
 This function is called by:
		Startup code after reset
 This function uses a non-reentrant model


 *************** function _DisplaySec *****************
 Defined at:
		line 128 in file "newmain.c"
 Parameters:    Size  Location     Type
  data            1    wreg     unsigned char 
 Auto vars:     Size  Location     Type
  data            1   18[BANK0 ] unsigned char 
 Return value:  Size  Location     Type
                  1    wreg      void 
 Registers used:
		wreg, fsr0l, fsr0h, status,2, status,0, pclath, cstack
 Tracked objects:
		On entry : 
		On exit  : 
		Unchanged: 
 Data sizes:     COMMON   BANK0
      Params:         0       0
      Locals:         0       1
      Temps:          0       2
      Totals:         0       3
Total ram usage:        3 bytes
 Hardware stack levels used:    1
 Hardware stack levels required when called:    2
 This function calls:
		_DisplayDigit
		___awdiv
		___awmod
 This function is called by:
		_main
 This function uses a non-reentrant model


 *************** function _DisplayMins *****************
 Defined at:
		line 122 in file "newmain.c"
 Parameters:    Size  Location     Type
  data            1    wreg     unsigned char 
 Auto vars:     Size  Location     Type
  data            1   19[BANK0 ] unsigned char 
 Return value:  Size  Location     Type
                  1    wreg      void 
 Registers used:
		wreg, fsr0l, fsr0h, status,2, status,0, pclath, cstack
 Tracked objects:
		On entry : 
		On exit  : 
		Unchanged: 
 Data sizes:     COMMON   BANK0
      Params:         0       0
      Locals:         0       1
      Temps:          0       3
      Totals:         0       4
Total ram usage:        4 bytes
 Hardware stack levels used:    1
 Hardware stack levels required when called:    2
 This function calls:
		_DisplayDigit
		___awdiv
		___awmod
 This function is called by:
		_main
 This function uses a non-reentrant model


 *************** function _DisplayHours *****************
 Defined at:
		line 116 in file "newmain.c"
 Parameters:    Size  Location     Type
  data            1    wreg     unsigned char 
 Auto vars:     Size  Location     Type
  data            1   19[BANK0 ] unsigned char 
 Return value:  Size  Location     Type
                  1    wreg      void 
 Registers used:
		wreg, fsr0l, fsr0h, status,2, status,0, pclath, cstack
 Tracked objects:
		On entry : 
		On exit  : 
		Unchanged: 
 Data sizes:     COMMON   BANK0
      Params:         0       0
      Locals:         0       1
      Temps:          0       3
      Totals:         0       4
Total ram usage:        4 bytes
 Hardware stack levels used:    1
 Hardware stack levels required when called:    2
 This function calls:
		_DisplayDigit
		___awdiv
		___awmod
 This function is called by:
		_main
 This function uses a non-reentrant model


 *************** function ___awmod *****************
 Defined at:
		line 6 in file "C:\Program Files (x86)\Microchip\xc8\v1.38\sources\common\awmod.c"
 Parameters:    Size  Location     Type
  divisor         2    4[BANK0 ] int 
  dividend        2    6[BANK0 ] int 
 Auto vars:     Size  Location     Type
  sign            1   10[BANK0 ] unsigned char 
  counter         1    9[BANK0 ] unsigned char 
 Return value:  Size  Location     Type
                  2    4[BANK0 ] int 
 Registers used:
		wreg, status,2, status,0
 Tracked objects:
		On entry : 
		On exit  : 
		Unchanged: 
 Data sizes:     COMMON   BANK0
      Params:         0       4
      Locals:         0       2
      Temps:          0       1
      Totals:         0       7
Total ram usage:        7 bytes
 Hardware stack levels used:    1
 Hardware stack levels required when called:    1
 This function calls:
		Nothing
 This function is called by:
		_DisplayHours
		_DisplayMins
		_DisplaySec
 This function uses a non-reentrant model


 *************** function ___awdiv *****************
 Defined at:
		line 6 in file "C:\Program Files (x86)\Microchip\xc8\v1.38\sources\common\awdiv.c"
 Parameters:    Size  Location     Type
  divisor         2    4[BANK0 ] int 
  dividend        2    6[BANK0 ] int 
 Auto vars:     Size  Location     Type
  quotient        2   11[BANK0 ] int 
  sign            1   10[BANK0 ] unsigned char 
  counter         1    9[BANK0 ] unsigned char 
 Return value:  Size  Location     Type
                  2    4[BANK0 ] int 
 Registers used:
		wreg, status,2, status,0
 Tracked objects:
		On entry : 
		On exit  : 
		Unchanged: 
 Data sizes:     COMMON   BANK0
      Params:         0       4
      Locals:         0       4
      Temps:          0       1
      Totals:         0       9
Total ram usage:        9 bytes
 Hardware stack levels used:    1
 Hardware stack levels required when called:    1
 This function calls:
		Nothing
 This function is called by:
		_DisplayHours
		_DisplayMins
		_DisplaySec
 This function uses a non-reentrant model


 *************** function _DisplayDigit *****************
 Defined at:
		line 47 in file "newmain.c"
 Parameters:    Size  Location     Type
  data            1    wreg     unsigned char 
  position        1   13[BANK0 ] unsigned char 
 Auto vars:     Size  Location     Type
  data            1   15[BANK0 ] unsigned char 
 Return value:  Size  Location     Type
                  1    wreg      void 
 Registers used:
		wreg, fsr0l, fsr0h, status,2, status,0
 Tracked objects:
		On entry : 
		On exit  : 
		Unchanged: 
 Data sizes:     COMMON   BANK0
      Params:         0       1
      Locals:         0       1
      Temps:          0       1
      Totals:         0       3
Total ram usage:        3 bytes
 Hardware stack levels used:    1
 Hardware stack levels required when called:    1
 This function calls:
		Nothing
 This function is called by:
		_DisplayHours
		_DisplayMins
		_DisplaySec
 This function uses a non-reentrant model


 *************** function _isr *****************
 Defined at:
		line 108 in file "newmain.c"
 Parameters:    Size  Location     Type
		None
 Auto vars:     Size  Location     Type
		None
 Return value:  Size  Location     Type
                  1    wreg      void 
 Registers used:
		wreg
 Tracked objects:
		On entry : 
		On exit  : 
		Unchanged: 
 Data sizes:     COMMON   BANK0
      Params:         0       0
      Locals:         0       0
      Temps:          0       4
      Totals:         0       4
Total ram usage:        4 bytes
 Hardware stack levels used:    1
 This function calls:
		Nothing
 This function is called by:
		Interrupt level 1
 This function uses a non-reentrant model



MODULE INFORMATION

Module		Function		Class		Link	Load	Size
C:\Program Files (x86)\Microchip\xc8\v1.38\sources\common\awmod.c
		___awmod       		CODE           	0139	0000	77

C:\Program Files (x86)\Microchip\xc8\v1.38\sources\common\awmod.c estimated size: 77

newmain.c
		_main          		CODE           	00ED	0000	77
		_isr           		CODE           	01FE	0000	21
		_DisplaySec    		CODE           	01D9	0000	38
		_DisplayMins   		CODE           	0185	0000	43
		_DisplayDigit  		CODE           	0014	0000	128
		_DisplayHours  		CODE           	01AF	0000	43

newmain.c estimated size: 350

C:\Program Files (x86)\Microchip\xc8\v1.38\sources\common\awdiv.c
		___awdiv       		CODE           	0093	0000	91

C:\Program Files (x86)\Microchip\xc8\v1.38\sources\common\awdiv.c estimated size: 91

shared
		__initialization		CODE           	0010	0000	3

shared estimated size: 3

