Microchip MPLAB XC8 Compiler V1.38 ()

Linker command line:

-W-3 --edf=C:\Program Files (x86)\Microchip\xc8\v1.38\dat\en_msgs.txt -cs \
  -h+dist/default/production\lab8.production.sym \
  --cmf=dist/default/production\lab8.production.cmf -z -Q16F84A \
  -oC:\Users\vik\AppData\Local\Temp\sp4.2 \
  -Mdist/default/production/lab8.production.map -E1 -ver=XC8 \
  -ASTACK=016h-04dh -pstack=STACK -ACODE=00h-03FFh -ASTRCODE=00h-03FFh \
  -ASTRING=00h-0FFhx4 -ACONST=00h-0FFhx4 -AENTRY=00h-0FFhx4 \
  -ABANK0=0Ch-04Dh -ARAM=0Ch-04Dh -AABS1=0Ch-04Fh -ACOMMON=04Eh-04Fh \
  -ASFR0=00h-0Bh -ASFR1=080h-0CDh -preset_vec=00h,intentry,init,end_init \
  -ppowerup=CODE -pcinit=CODE -pfunctab=CODE -ACONFIG=02007h-02007h \
  -pconfig=CONFIG -DCONFIG=2 -AIDLOC=02000h-02003h -pidloc=IDLOC -DIDLOC=2 \
  -AEEDATA=00h-03Fh/02100h -peeprom_data=EEDATA -DEEDATA=2 -DCODE=2 \
  -DSTRCODE=2 -DSTRING=2 -DCONST=2 -DENTRY=2 -k \
  C:\Users\vik\AppData\Local\Temp\sp4.obj \
  dist/default/production\lab8.production.obj 

Object code version is 3.11

Machine type is 16F84A



                Name                               Link     Load   Length Selector   Space Scale
C:\Users\vik\AppData\Local\Temp\sp4.obj
                end_init                              0        0        1        0       0
dist/default/production\lab8.production.obj
                cinit                               3FC      3FC        4      7F8       0
                text7                               393      393       69      726       0
                text6                               2E8      2E8        B      5D0       0
                text5                               2F3      2F3        C      5E6       0
                text4                               30D      30D        F      61A       0
                text3                               31C      31C       18      638       0
                text2                               2FF      2FF        E      5FE       0
                swtext1                               1        1        6        2       0
                text1                               334      334       28      668       0
                maintext                            35C      35C       37      6B8       0
                cstackBANK0                           C        C        8        C       1
                bssBANK0                             14       14        2        C       1

TOTAL           Name                               Link     Load   Length     Space
        CLASS   STACK          

        CLASS   CODE           
                end_init                              0        0        1         0
                cinit                               3FC      3FC        4         0
                text7                               393      393       69         0
                text6                               2E8      2E8        B         0
                text5                               2F3      2F3        C         0
                text4                               30D      30D        F         0
                text3                               31C      31C       18         0
                text2                               2FF      2FF        E         0
                text1                               334      334       28         0
                maintext                            35C      35C       37         0

        CLASS   STRCODE        

        CLASS   STRING         

        CLASS   CONST          
                swtext1                               1        1        6         0

        CLASS   ENTRY          

        CLASS   BANK0          
                cstackBANK0                           C        C        8         1
                bssBANK0                             14       14        2         1

        CLASS   RAM            

        CLASS   ABS1           
                abs_s1                               4E       4E        2         1

        CLASS   COMMON         

        CLASS   SFR0           

        CLASS   SFR1           

        CLASS   CONFIG         

        CLASS   IDLOC          

        CLASS   EEDATA         

        CLASS   BANK1          



SEGMENTS        Name                           Load    Length   Top    Selector   Space  Class     Delta

                reset_vec                      000000  000001  000001         0       0  CODE        2
                swtext1                        000001  000006  000007         2       0  CONST       2
                cstackBANK0                    00000C  00000A  000016         C       1  BANK0       1
                text6                          0002E8  00000B  0002F3       5D0       0  CODE        2
                text5                          0002F3  00000C  0002FF       5E6       0  CODE        2
                text2                          0002FF  00000E  00030D       5FE       0  CODE        2
                text4                          00030D  00000F  00031C       61A       0  CODE        2
                text3                          00031C  000018  000334       638       0  CODE        2
                text1                          000334  000028  00035C       668       0  CODE        2
                maintext                       00035C  000037  000393       6B8       0  CODE        2
                text7                          000393  000069  0003FC       726       0  CODE        2
                cinit                          0003FC  000004  000400       7F8       0  CODE        2


UNUSED ADDRESS RANGES

        Name                Unused          Largest block    Delta
        BANK0            016-04D            38           1
        CODE             007-2E7           2E1           2
        CONFIG           2007-2007             1           2
        CONST            007-2E7           100           2
        EEDATA           2100-213F            40           2
        ENTRY            007-2E7           100           2
        IDLOC            2000-2003             4           2
        RAM              016-04D            38           1
        SFR0             000-00B             C           1
        SFR1             080-0CD            4E           1
        STACK            016-04D            38           1
        STRCODE          007-2E7           2E1           2
        STRING           007-2E7           100           2

                                  Symbol Table

PlaySequence@data        cstackBANK0  00F
_CaptureKey              text7        393
_PORTA                   (abs)        005
_PORTB                   (abs)        006
_PlaySequence            text1        334
_TRISA                   (abs)        085
_TRISB                   (abs)        086
__Habs1                  abs1         000
__Hbank0                 bank0        000
__Hbank1                 bank1        000
__HbssBANK0              bssBANK0     000
__Hcinit                 cinit        400
__Hclrtext               clrtext      000
__Hcode                  code         000
__Hcommon                common       000
__Hconfig                config       000
__HcstackBANK0           cstackBANK0  000
__HcstackCOMMON          cstackCOMMON 000
__Heeprom_data           eeprom_data  000
__Hend_init              end_init     001
__Hfunctab               functab      000
__Hidloc                 idloc        000
__Hinit                  init         000
__Hintentry              intentry     000
__Hmaintext              maintext     000
__Hpowerup               powerup      000
__Hram                   ram          000
__Hreset_vec             reset_vec    000
__Hsfr0                  sfr0         000
__Hsfr1                  sfr1         000
__Hspace_0               (abs)        400
__Hspace_1               (abs)        016
__Hspace_2               (abs)        000
__Hspace_3               (abs)        000
__Hstack                 stack        000
__Hstrings               strings      000
__Htext                  text         000
__Labs1                  abs1         000
__Lbank0                 bank0        000
__Lbank1                 bank1        000
__LbssBANK0              bssBANK0     000
__Lcinit                 cinit        3FC
__Lclrtext               clrtext      000
__Lcode                  code         000
__Lcommon                common       000
__Lconfig                config       000
__LcstackBANK0           cstackBANK0  000
__LcstackCOMMON          cstackCOMMON 000
__Leeprom_data           eeprom_data  000
__Lend_init              end_init     000
__Lfunctab               functab      000
__Lidloc                 idloc        000
__Linit                  init         000
__Lintentry              intentry     000
__Lmaintext              maintext     000
__Lpowerup               powerup      000
__Lram                   ram          000
__Lreset_vec             reset_vec    000
__Lsfr0                  sfr0         000
__Lsfr1                  sfr1         000
__Lspace_0               (abs)        000
__Lspace_1               (abs)        000
__Lspace_2               (abs)        000
__Lspace_3               (abs)        000
__Lstack                 stack        000
__Lstrings               strings      000
__Ltext                  text         000
__S0                     (abs)        400
__S1                     (abs)        016
__S2                     (abs)        000
__S3                     (abs)        000
___int_sp                stack        000
___latbits               (abs)        000
___sp                    stack        000
__end_of_CaptureKey      text7        3FC
__end_of_PlaySequence    text1        35C
__end_of__initialization cinit        3FE
__end_of_generateCode1   text6        2F3
__end_of_generateCode2   text5        2FF
__end_of_generateCode3   text4        31C
__end_of_generateCode4   text3        334
__end_of_generateCode5   text2        30D
__end_of_main            maintext     393
__initialization         cinit        3FC
__pbssBANK0              bssBANK0     014
__pcstackBANK0           cstackBANK0  00C
__pcstackCOMMON          cstackCOMMON 000
__pmaintext              maintext     35C
__pswtext1               swtext1      001
__ptext1                 text1        334
__ptext2                 text2        2FF
__ptext3                 text3        31C
__ptext4                 text4        30D
__ptext5                 text5        2F3
__ptext6                 text6        2E8
__ptext7                 text7        393
__size_of_CaptureKey     (abs)        000
__size_of_PlaySequence   (abs)        000
__size_of_generateCode1  (abs)        000
__size_of_generateCode2  (abs)        000
__size_of_generateCode3  (abs)        000
__size_of_generateCode4  (abs)        000
__size_of_generateCode5  (abs)        000
__size_of_main           (abs)        000
_code                    bssBANK0     015
_generateCode1           text6        2E8
_generateCode2           text5        2F3
_generateCode3           text4        30D
_generateCode4           text3        31C
_generateCode5           text2        2FF
_main                    maintext     35C
_type                    bssBANK0     014
btemp                    (abs)        04E
end_of_initialization    cinit        3FE
generateCode4@res        cstackBANK0  00E
intlevel0                functab      000
intlevel1                functab      000
intlevel2                functab      000
intlevel3                functab      000
intlevel4                functab      000
intlevel5                functab      000
ltemp                    (abs)        04E
ltemp0                   (abs)        04E
ltemp1                   (abs)        052
ltemp2                   (abs)        056
ltemp3                   (abs)        050
main@i                   cstackBANK0  012
main@temp_btn            cstackBANK0  013
reset_vec                reset_vec    000
stackhi                  (abs)        000
stacklo                  (abs)        000
start                    init         000
start_initialization     cinit        3FC
ttemp                    (abs)        04E
ttemp0                   (abs)        04E
ttemp1                   (abs)        051
ttemp2                   (abs)        054
ttemp3                   (abs)        057
ttemp4                   (abs)        04F
wtemp                    (abs)        04E
wtemp0                   (abs)        04E
wtemp1                   (abs)        050
wtemp2                   (abs)        052
wtemp3                   (abs)        054
wtemp4                   (abs)        056
wtemp5                   (abs)        058
wtemp6                   (abs)        04F


FUNCTION INFORMATION:

 *************** function _main *****************
 Defined at:
		line 120 in file "newmain.c"
 Parameters:    Size  Location     Type
		None
 Auto vars:     Size  Location     Type
  i               1    6[BANK0 ] unsigned char 
  temp_btn        1    7[BANK0 ] unsigned char 
 Return value:  Size  Location     Type
                  1    wreg      void 
 Registers used:
		wreg, fsr0l, fsr0h, status,2, status,0, pclath, cstack
 Tracked objects:
		On entry : 
		On exit  : 
		Unchanged: 
 Data sizes:     COMMON   BANK0
      Params:         0       0
      Locals:         0       2
      Temps:          0       2
      Totals:         0       4
Total ram usage:        4 bytes
 Hardware stack levels required when called:    2
 This function calls:
		_CaptureKey
		_PlaySequence
 This function is called by:
		Startup code after reset
 This function uses a non-reentrant model


 *************** function _PlaySequence *****************
 Defined at:
		line 58 in file "newmain.c"
 Parameters:    Size  Location     Type
  data            1    wreg     unsigned char 
 Auto vars:     Size  Location     Type
  data            1    3[BANK0 ] unsigned char 
 Return value:  Size  Location     Type
                  1    wreg      void 
 Registers used:
		wreg, fsr0l, fsr0h, status,2, status,0, pclath, cstack
 Tracked objects:
		On entry : 
		On exit  : 
		Unchanged: 
 Data sizes:     COMMON   BANK0
      Params:         0       0
      Locals:         0       1
      Temps:          0       0
      Totals:         0       1
Total ram usage:        1 bytes
 Hardware stack levels used:    1
 Hardware stack levels required when called:    1
 This function calls:
		_generateCode1
		_generateCode2
		_generateCode3
		_generateCode4
		_generateCode5
 This function is called by:
		_main
 This function uses a non-reentrant model


 *************** function _generateCode5 *****************
 Defined at:
		line 50 in file "newmain.c"
 Parameters:    Size  Location     Type
		None
 Auto vars:     Size  Location     Type
		None
 Return value:  Size  Location     Type
                  1    wreg      unsigned char 
 Registers used:
		wreg, status,2, status,0
 Tracked objects:
		On entry : 
		On exit  : 
		Unchanged: 
 Data sizes:     COMMON   BANK0
      Params:         0       0
      Locals:         0       0
      Temps:          0       2
      Totals:         0       2
Total ram usage:        2 bytes
 Hardware stack levels used:    1
 This function calls:
		Nothing
 This function is called by:
		_PlaySequence
 This function uses a non-reentrant model


 *************** function _generateCode4 *****************
 Defined at:
		line 42 in file "newmain.c"
 Parameters:    Size  Location     Type
		None
 Auto vars:     Size  Location     Type
  res             1    2[BANK0 ] unsigned char 
 Return value:  Size  Location     Type
                  1    wreg      unsigned char 
 Registers used:
		wreg, status,2, status,0
 Tracked objects:
		On entry : 
		On exit  : 
		Unchanged: 
 Data sizes:     COMMON   BANK0
      Params:         0       0
      Locals:         0       1
      Temps:          0       2
      Totals:         0       3
Total ram usage:        3 bytes
 Hardware stack levels used:    1
 This function calls:
		Nothing
 This function is called by:
		_PlaySequence
 This function uses a non-reentrant model


 *************** function _generateCode3 *****************
 Defined at:
		line 36 in file "newmain.c"
 Parameters:    Size  Location     Type
		None
 Auto vars:     Size  Location     Type
		None
 Return value:  Size  Location     Type
                  1    wreg      unsigned char 
 Registers used:
		wreg, status,2, status,0
 Tracked objects:
		On entry : 
		On exit  : 
		Unchanged: 
 Data sizes:     COMMON   BANK0
      Params:         0       0
      Locals:         0       0
      Temps:          0       1
      Totals:         0       1
Total ram usage:        1 bytes
 Hardware stack levels used:    1
 This function calls:
		Nothing
 This function is called by:
		_PlaySequence
 This function uses a non-reentrant model


 *************** function _generateCode2 *****************
 Defined at:
		line 29 in file "newmain.c"
 Parameters:    Size  Location     Type
		None
 Auto vars:     Size  Location     Type
		None
 Return value:  Size  Location     Type
                  1    wreg      unsigned char 
 Registers used:
		wreg, status,2, status,0
 Tracked objects:
		On entry : 
		On exit  : 
		Unchanged: 
 Data sizes:     COMMON   BANK0
      Params:         0       0
      Locals:         0       0
      Temps:          0       1
      Totals:         0       1
Total ram usage:        1 bytes
 Hardware stack levels used:    1
 This function calls:
		Nothing
 This function is called by:
		_PlaySequence
 This function uses a non-reentrant model


 *************** function _generateCode1 *****************
 Defined at:
		line 23 in file "newmain.c"
 Parameters:    Size  Location     Type
		None
 Auto vars:     Size  Location     Type
		None
 Return value:  Size  Location     Type
                  1    wreg      unsigned char 
 Registers used:
		wreg, status,2, status,0
 Tracked objects:
		On entry : 
		On exit  : 
		Unchanged: 
 Data sizes:     COMMON   BANK0
      Params:         0       0
      Locals:         0       0
      Temps:          0       1
      Totals:         0       1
Total ram usage:        1 bytes
 Hardware stack levels used:    1
 This function calls:
		Nothing
 This function is called by:
		_PlaySequence
 This function uses a non-reentrant model


 *************** function _CaptureKey *****************
 Defined at:
		line 82 in file "newmain.c"
 Parameters:    Size  Location     Type
		None
 Auto vars:     Size  Location     Type
		None
 Return value:  Size  Location     Type
                  1    wreg      unsigned char 
 Registers used:
		wreg, fsr0l, fsr0h, status,2, status,0
 Tracked objects:
		On entry : 
		On exit  : 
		Unchanged: 
 Data sizes:     COMMON   BANK0
      Params:         0       0
      Locals:         0       0
      Temps:          0       2
      Totals:         0       2
Total ram usage:        2 bytes
 Hardware stack levels used:    1
 This function calls:
		Nothing
 This function is called by:
		_main
 This function uses a non-reentrant model



MODULE INFORMATION

Module		Function		Class		Link	Load	Size
newmain.c
		_main          		CODE           	035C	0000	56
		_CaptureKey    		CODE           	0393	0000	106
		_generateCode1 		CODE           	02E8	0000	12
		_generateCode2 		CODE           	02F3	0000	13
		_generateCode3 		CODE           	030D	0000	16
		_generateCode4 		CODE           	031C	0000	25
		_generateCode5 		CODE           	02FF	0000	15
		_PlaySequence  		CODE           	0334	0000	41

newmain.c estimated size: 284

shared
		__initialization		CODE           	03FC	0000	3

shared estimated size: 3

