Microchip MPLAB XC8 Compiler V1.38 ()

Linker command line:

-W-3 --edf=C:\Program Files (x86)\Microchip\xc8\v1.38\dat\en_msgs.txt -cs \
  -h+dist/default/production\lab5.production.sym \
  --cmf=dist/default/production\lab5.production.cmf -z -Q16F84A \
  -oC:\Users\vik\AppData\Local\Temp\s2f0.2 \
  -Mdist/default/production/lab5.production.map -E1 -ver=XC8 \
  -ASTACK=03Bh-04dh -pstack=STACK -ACODE=00h-03FFh -ASTRCODE=00h-03FFh \
  -ASTRING=00h-0FFhx4 -ACONST=00h-0FFhx4 -AENTRY=00h-0FFhx4 \
  -ABANK0=0Ch-04Dh -ARAM=0Ch-04Dh -AABS1=0Ch-04Fh -ACOMMON=04Eh-04Fh \
  -ASFR0=00h-0Bh -ASFR1=080h-0CDh \
  -preset_vec=00h,intentry=04h,init,end_init -ppowerup=CODE -pcinit=CODE \
  -pfunctab=CODE -ACONFIG=02007h-02007h -pconfig=CONFIG -DCONFIG=2 \
  -AIDLOC=02000h-02003h -pidloc=IDLOC -DIDLOC=2 -AEEDATA=00h-03Fh/02100h \
  -peeprom_data=EEDATA -DEEDATA=2 -DCODE=2 -DSTRCODE=2 -DSTRING=2 -DCONST=2 \
  -DENTRY=2 -k C:\Users\vik\AppData\Local\Temp\s2f0.obj \
  dist/default/production\lab5.production.obj 

Object code version is 3.11

Machine type is 16F84A



                Name                               Link     Load   Length Selector   Space Scale
C:\Users\vik\AppData\Local\Temp\s2f0.obj
                end_init                              F        F        1        8       0
                reset_vec                             0        0        1        0       0
dist/default/production\lab5.production.obj
                cinit                                10       10       14        8       0
                intentry                              4        4        B        8       0
                text4                               37A      37A       17      4C4       0
                text3                               2F0      2F0       3D      4C4       0
                text2                               358      358       22      4C4       0
                text1                               262      262       8E      4C4       0
                maintext                            32D      32D       2B      4C4       0
                cstackBANK0                           C        C       25        C       1
                dataBANK0                            31       31        8        C       1
                bssBANK0                             39       39        2        C       1
                stringtext                          100      100      162        2       0
                idataBANK0                          391      391        8      4C4       0

TOTAL           Name                               Link     Load   Length     Space
        CLASS   STACK          

        CLASS   CODE           
                end_init                              F        F        1         0
                cinit                                10       10       14         0
                intentry                              4        4        B         0
                reset_vec                             0        0        1         0
                text4                               37A      37A       17         0
                text3                               2F0      2F0       3D         0
                text2                               358      358       22         0
                text1                               262      262       8E         0
                maintext                            32D      32D       2B         0
                idataBANK0                          391      391        8         0

        CLASS   STRCODE        
                stringtext                          100      100      162         0

        CLASS   STRING         

        CLASS   CONST          

        CLASS   ENTRY          

        CLASS   BANK0          
                cstackBANK0                           C        C       25         1
                dataBANK0                            31       31        8         1
                bssBANK0                             39       39        2         1

        CLASS   RAM            

        CLASS   ABS1           
                abs_s1                               4E       4E        2         1

        CLASS   COMMON         

        CLASS   SFR0           

        CLASS   SFR1           

        CLASS   CONFIG         

        CLASS   IDLOC          

        CLASS   EEDATA         

        CLASS   BANK1          



SEGMENTS        Name                           Load    Length   Top    Selector   Space  Class     Delta

                reset_vec                      000000  000001  000001         0       0  CODE        2
                intentry                       000004  000020  000024         8       0  CODE        2
                cstackBANK0                    00000C  00002F  00003B         C       1  BANK0       1
                stringtext                     000100  000162  000262         2       0  STRCODE     2
                text1                          000262  000137  000399       4C4       0  CODE        2


UNUSED ADDRESS RANGES

        Name                Unused          Largest block    Delta
        BANK0            03B-04D            13           1
        CODE             001-003             3           2
                         024-0FF            DC
                         399-3FF            67
        CONFIG           2007-2007             1           2
        CONST            001-003             3           2
                         024-0FF            DC
                         399-3FF            67
        EEDATA           2100-213F            40           2
        ENTRY            001-003             3           2
                         024-0FF            DC
                         399-3FF            67
        IDLOC            2000-2003             4           2
        RAM              03B-04D            13           1
        SFR0             000-00B             C           1
        SFR1             080-0CD            4E           1
        STACK            03B-04D            13           1
        STRCODE          001-003             3           2
                         024-0FF            DC
                         399-3FF            67
        STRING           001-003             3           2
                         024-0FF            DC
                         399-3FF            67

                                  Symbol Table

?___lwdiv                cstackBANK0  017
?___wmul                 cstackBANK0  011
Play@actual_duration     cstackBANK0  026
Play@dur                 cstackBANK0  024
Play@j                   cstackBANK0  028
Play@j_44                cstackBANK0  02A
Play@melody              cstackBANK0  01F
Play@note                cstackBANK0  02C
Play@time                cstackBANK0  02D
_GIE                     (abs)        05F
_INTE                    (abs)        05C
_INTEDG                  (abs)        40E
_INTF                    (abs)        059
_PORTB                   (abs)        006
_Play                    text1        262
_TRISB                   (abs)        086
__Habs1                  abs1         000
__Hbank0                 bank0        000
__Hbank1                 bank1        000
__HbssBANK0              bssBANK0     000
__Hcinit                 cinit        024
__Hclrtext               clrtext      000
__Hcode                  code         000
__Hcommon                common       000
__Hconfig                config       000
__HcstackBANK0           cstackBANK0  000
__HcstackCOMMON          cstackCOMMON 000
__HdataBANK0             dataBANK0    000
__Heeprom_data           eeprom_data  000
__Hend_init              end_init     010
__Hfunctab               functab      000
__HidataBANK0            idataBANK0   000
__Hidloc                 idloc        000
__Hinit                  init         00F
__Hintentry              intentry     00F
__Hmaintext              maintext     000
__Hpowerup               powerup      000
__Hram                   ram          000
__Hreset_vec             reset_vec    001
__Hsfr0                  sfr0         000
__Hsfr1                  sfr1         000
__Hspace_0               (abs)        399
__Hspace_1               (abs)        03B
__Hspace_2               (abs)        000
__Hspace_3               (abs)        000
__Hstack                 stack        000
__Hstrings               strings      000
__Hstringtext            stringtext   000
__Htext                  text         000
__Labs1                  abs1         000
__Lbank0                 bank0        000
__Lbank1                 bank1        000
__LbssBANK0              bssBANK0     000
__Lcinit                 cinit        010
__Lclrtext               clrtext      000
__Lcode                  code         000
__Lcommon                common       000
__Lconfig                config       000
__LcstackBANK0           cstackBANK0  000
__LcstackCOMMON          cstackCOMMON 000
__LdataBANK0             dataBANK0    000
__Leeprom_data           eeprom_data  000
__Lend_init              end_init     00F
__Lfunctab               functab      000
__LidataBANK0            idataBANK0   000
__Lidloc                 idloc        000
__Linit                  init         00F
__Lintentry              intentry     004
__Lmaintext              maintext     000
__Lpowerup               powerup      000
__Lram                   ram          000
__Lreset_vec             reset_vec    000
__Lsfr0                  sfr0         000
__Lsfr1                  sfr1         000
__Lspace_0               (abs)        000
__Lspace_1               (abs)        000
__Lspace_2               (abs)        000
__Lspace_3               (abs)        000
__Lstack                 stack        000
__Lstrings               strings      000
__Lstringtext            stringtext   000
__Ltext                  text         000
__S0                     (abs)        399
__S1                     (abs)        03B
__S2                     (abs)        000
__S3                     (abs)        000
___int_sp                stack        000
___latbits               (abs)        000
___lwdiv                 text3        2F0
___lwdiv@counter         cstackBANK0  01E
___lwdiv@dividend        cstackBANK0  019
___lwdiv@divisor         cstackBANK0  017
___lwdiv@quotient        cstackBANK0  01C
___sp                    stack        000
___wmul                  text2        358
___wmul@multiplicand     cstackBANK0  013
___wmul@multiplier       cstackBANK0  011
___wmul@product          cstackBANK0  015
__end_of_Play            text1        2F0
__end_of___lwdiv         text3        32D
__end_of___wmul          text2        37A
__end_of__initialization cinit        022
__end_of__stringtab      stringtext   112
__end_of_durations       stringtext   166
__end_of_durations2      stringtext   1BA
__end_of_frequences      stringtext   20E
__end_of_frequences2     stringtext   262
__end_of_isr             text4        391
__end_of_main            maintext     358
__initialization         cinit        010
__pbssBANK0              bssBANK0     039
__pcstackBANK0           cstackBANK0  00C
__pcstackCOMMON          cstackCOMMON 000
__pdataBANK0             dataBANK0    031
__pidataBANK0            idataBANK0   391
__pintentry              intentry     004
__pmaintext              maintext     32D
__pstringtext            stringtext   100
__ptext1                 text1        262
__ptext2                 text2        358
__ptext3                 text3        2F0
__ptext4                 text4        37A
__size_of_Play           (abs)        000
__size_of___lwdiv        (abs)        000
__size_of___wmul         (abs)        000
__size_of_isr            (abs)        000
__size_of_main           (abs)        000
__stringbase             stringtext   112
__stringtab              stringtext   100
_counter                 bssBANK0     039
_durations               stringtext   112
_durations2              stringtext   166
_frequences              stringtext   1BA
_frequences2             stringtext   20E
_isr                     text4        37A
_main                    maintext     32D
_melody                  bssBANK0     03A
_melody_dur              dataBANK0    031
_melody_freq             dataBANK0    035
btemp                    (abs)        04E
end_of_initialization    cinit        022
interrupt_function       intentry     004
intlevel0                functab      000
intlevel1                functab      000
intlevel2                functab      000
intlevel3                functab      000
intlevel4                functab      000
intlevel5                functab      000
ltemp                    (abs)        04E
ltemp0                   (abs)        04E
ltemp1                   (abs)        052
ltemp2                   (abs)        056
ltemp3                   (abs)        050
reset_vec                reset_vec    000
saved_w                  (abs)        04E
stackhi                  (abs)        000
stacklo                  (abs)        000
start                    init         00F
start_initialization     cinit        010
ttemp                    (abs)        04E
ttemp0                   (abs)        04E
ttemp1                   (abs)        051
ttemp2                   (abs)        054
ttemp3                   (abs)        057
ttemp4                   (abs)        04F
wtemp                    (abs)        04E
wtemp0                   (abs)        04E
wtemp1                   (abs)        050
wtemp2                   (abs)        052
wtemp3                   (abs)        054
wtemp4                   (abs)        056
wtemp5                   (abs)        058
wtemp6                   (abs)        04F


FUNCTION INFORMATION:

 *************** function _main *****************
 Defined at:
		line 81 in file "newmain.c"
 Parameters:    Size  Location     Type
		None
 Auto vars:     Size  Location     Type
		None
 Return value:  Size  Location     Type
                  1    wreg      void 
 Registers used:
		wreg, fsr0l, fsr0h, status,2, status,0, btemp+1, pclath, cstack
 Tracked objects:
		On entry : 
		On exit  : 
		Unchanged: 
 Data sizes:     COMMON   BANK0
      Params:         0       0
      Locals:         0       0
      Temps:          0       2
      Totals:         0       2
Total ram usage:        2 bytes
 Hardware stack levels required when called:    3
 This function calls:
		_Play
 This function is called by:
		Startup code after reset
 This function uses a non-reentrant model


 *************** function _Play *****************
 Defined at:
		line 50 in file "newmain.c"
 Parameters:    Size  Location     Type
  note            1    wreg     unsigned char 
  melody          1   19[BANK0 ] unsigned char 
 Auto vars:     Size  Location     Type
  note            1   32[BANK0 ] unsigned char 
  j               2   30[BANK0 ] unsigned int 
  j               2   28[BANK0 ] unsigned int 
  time            2   33[BANK0 ] unsigned int 
  actual_durat    2   26[BANK0 ] unsigned int 
  dur             2   24[BANK0 ] unsigned int 
 Return value:  Size  Location     Type
                  1    wreg      void 
 Registers used:
		wreg, fsr0l, fsr0h, status,2, status,0, btemp+1, pclath, cstack
 Tracked objects:
		On entry : 
		On exit  : 
		Unchanged: 
 Data sizes:     COMMON   BANK0
      Params:         0       1
      Locals:         0      11
      Temps:          0       4
      Totals:         0      16
Total ram usage:       16 bytes
 Hardware stack levels used:    1
 Hardware stack levels required when called:    2
 This function calls:
		___lwdiv
		___wmul
 This function is called by:
		_main
 This function uses a non-reentrant model


 *************** function ___wmul *****************
 Defined at:
		line 15 in file "C:\Program Files (x86)\Microchip\xc8\v1.38\sources\common\Umul16.c"
 Parameters:    Size  Location     Type
  multiplier      2    5[BANK0 ] unsigned int 
  multiplicand    2    7[BANK0 ] unsigned int 
 Auto vars:     Size  Location     Type
  product         2    9[BANK0 ] unsigned int 
 Return value:  Size  Location     Type
                  2    5[BANK0 ] unsigned int 
 Registers used:
		wreg, status,2, status,0
 Tracked objects:
		On entry : 
		On exit  : 
		Unchanged: 
 Data sizes:     COMMON   BANK0
      Params:         0       4
      Locals:         0       2
      Temps:          0       0
      Totals:         0       6
Total ram usage:        6 bytes
 Hardware stack levels used:    1
 Hardware stack levels required when called:    1
 This function calls:
		Nothing
 This function is called by:
		_Play
 This function uses a non-reentrant model


 *************** function ___lwdiv *****************
 Defined at:
		line 6 in file "C:\Program Files (x86)\Microchip\xc8\v1.38\sources\common\lwdiv.c"
 Parameters:    Size  Location     Type
  divisor         2   11[BANK0 ] unsigned int 
  dividend        2   13[BANK0 ] unsigned int 
 Auto vars:     Size  Location     Type
  quotient        2   16[BANK0 ] unsigned int 
  counter         1   18[BANK0 ] unsigned char 
 Return value:  Size  Location     Type
                  2   11[BANK0 ] unsigned int 
 Registers used:
		wreg, status,2, status,0
 Tracked objects:
		On entry : 
		On exit  : 
		Unchanged: 
 Data sizes:     COMMON   BANK0
      Params:         0       4
      Locals:         0       3
      Temps:          0       1
      Totals:         0       8
Total ram usage:        8 bytes
 Hardware stack levels used:    1
 Hardware stack levels required when called:    1
 This function calls:
		Nothing
 This function is called by:
		_Play
 This function uses a non-reentrant model


 *************** function _isr *****************
 Defined at:
		line 71 in file "newmain.c"
 Parameters:    Size  Location     Type
		None
 Auto vars:     Size  Location     Type
		None
 Return value:  Size  Location     Type
                  1    wreg      void 
 Registers used:
		wreg, status,2, status,0
 Tracked objects:
		On entry : 
		On exit  : 
		Unchanged: 
 Data sizes:     COMMON   BANK0
      Params:         0       0
      Locals:         0       0
      Temps:          0       5
      Totals:         0       5
Total ram usage:        5 bytes
 Hardware stack levels used:    1
 This function calls:
		Nothing
 This function is called by:
		Interrupt level 1
 This function uses a non-reentrant model



MODULE INFORMATION

Module		Function		Class		Link	Load	Size
C:\Program Files (x86)\Microchip\xc8\v1.38\sources\common\Umul16.c
		___wmul        		CODE           	0358	0000	35

C:\Program Files (x86)\Microchip\xc8\v1.38\sources\common\Umul16.c estimated size: 35

newmain.c
		_main          		CODE           	032D	0000	44
		_isr           		CODE           	037A	0000	24
		_Play          		CODE           	0262	0000	143

newmain.c estimated size: 211

C:\Program Files (x86)\Microchip\xc8\v1.38\sources\common\lwdiv.c
		___lwdiv       		CODE           	02F0	0000	62

C:\Program Files (x86)\Microchip\xc8\v1.38\sources\common\lwdiv.c estimated size: 62

shared
		__stringtab    		STRCODE        	0100	0000	19
		_frequences    		STRCODE        	01BA	0000	85
		_frequences2   		STRCODE        	020E	0000	85
		_durations     		STRCODE        	0112	0000	85
		_durations2    		STRCODE        	0166	0000	85
		__initialization		CODE           	0010	0000	19

shared estimated size: 378

