Microchip MPLAB XC8 Compiler V1.41 ()

Linker command line:

-W-3 --edf=C:\Program Files (x86)\Microchip\xc8\v1.41\dat\en_msgs.txt -cs \
  -h+dist/default/production\lab5.production.sym \
  --cmf=dist/default/production\lab5.production.cmf -z -Q16F84A \
  -oC:\Users\Antonio\AppData\Local\Temp\s14g.2 \
  -Mdist/default/production/lab5.production.map -E1 -ver=XC8 \
  -ASTACK=023h-04dh -pstack=STACK -ACODE=00h-03FFh -ASTRCODE=00h-03FFh \
  -ASTRING=00h-0FFhx4 -ACONST=00h-0FFhx4 -AENTRY=00h-0FFhx4 \
  -ABANK0=0Ch-04Dh -ARAM=0Ch-04Dh -AABS1=0Ch-04Fh -ACOMMON=04Eh-04Fh \
  -ASFR0=00h-0Bh -ASFR1=080h-0CDh -preset_vec=00h,intentry,init,end_init \
  -ppowerup=CODE -pcinit=CODE -pfunctab=CODE -ACONFIG=02007h-02007h \
  -pconfig=CONFIG -DCONFIG=2 -AIDLOC=02000h-02003h -pidloc=IDLOC -DIDLOC=2 \
  -AEEDATA=00h-03Fh/02100h -peeprom_data=EEDATA -DEEDATA=2 -DCODE=2 \
  -DSTRCODE=2 -DSTRING=2 -DCONST=2 -DENTRY=2 -k \
  C:\Users\Antonio\AppData\Local\Temp\s14g.obj \
  dist/default/production\lab5.production.obj 

Object code version is 3.11

Machine type is 16F84A



                Name                               Link     Load   Length Selector   Space Scale
C:\Users\Antonio\AppData\Local\Temp\s14g.obj
                end_init                              0        0        1        0       0
                config                             2007     2007        1     400E       0
dist/default/production\lab5.production.obj
                cinit                               3FE      3FE        2      7FC       0
                text2                               366      366       3D      6CC       0
                text1                               3A3      3A3       5B      746       0
                maintext                            352      352       14      6A4       0
                cstackBANK0                           C        C       17        C       1
                strings                               1        1       A2        2       0

TOTAL           Name                               Link     Load   Length     Space
        CLASS   STACK          

        CLASS   CODE           
                end_init                              0        0        1         0
                cinit                               3FE      3FE        2         0
                text2                               366      366       3D         0
                text1                               3A3      3A3       5B         0
                maintext                            352      352       14         0

        CLASS   STRCODE        

        CLASS   STRING         
                strings                               1        1       A2         0

        CLASS   CONST          

        CLASS   ENTRY          

        CLASS   BANK0          
                cstackBANK0                           C        C       17         1

        CLASS   RAM            

        CLASS   ABS1           
                abs_s1                               4E       4E        2         1

        CLASS   COMMON         

        CLASS   SFR0           

        CLASS   SFR1           

        CLASS   CONFIG         
                config                             2007     2007        1         0

        CLASS   IDLOC          

        CLASS   EEDATA         

        CLASS   BANK1          



SEGMENTS        Name                           Load    Length   Top    Selector   Space  Class     Delta

                reset_vec                      000000  000001  000001         0       0  CODE        2
                strings                        000001  0000A2  0000A3         2       0  STRING      2
                cstackBANK0                    00000C  000017  000023         C       1  BANK0       1
                maintext                       000352  000014  000366       6A4       0  CODE        2
                text2                          000366  00003D  0003A3       6CC       0  CODE        2
                text1                          0003A3  00005B  0003FE       746       0  CODE        2
                cinit                          0003FE  000002  000400       7FC       0  CODE        2
                config                         002007  000001  002008      400E       0  CONFIG      2


UNUSED ADDRESS RANGES

        Name                Unused          Largest block    Delta
        BANK0            0023-004D             2B           1
        CODE             00A3-0351            2AF           2
        CONST            00A3-0351            100           2
        EEDATA           2100-213F             40           2
        ENTRY            00A3-0351            100           2
        IDLOC            2000-2003              4           2
        RAM              0023-004D             2B           1
        SFR0             0000-000B              C           1
        SFR1             0080-00CD             4E           1
        STACK            0023-004D             2B           1
        STRCODE          00A3-0351            2AF           2
        STRING           00A3-0351            100           2

                                  Symbol Table

?___lwdiv                cstackBANK0 000C
Play@i                   cstackBANK0 001B
Play@j                   cstackBANK0 0017
Play@note                cstackBANK0 001D
Play@time                cstackBANK0 001E
Play@time2               cstackBANK0 0019
_PORTB                   (abs)       0006
_Play                    text1       03A3
_TRISB                   (abs)       0086
__CFG_WDTE$OFF           (abs)       0000
__Habs1                  abs1        0000
__Hbank0                 bank0       0000
__Hbank1                 bank1       0000
__Hcinit                 cinit       0400
__Hclrtext               clrtext     0000
__Hcode                  code        0000
__Hcommon                common      0000
__Hconfig                config      2008
__HcstackBANK0           cstackBANK0 0000
__Heeprom_data           eeprom_data 0000
__Hend_init              end_init    0001
__Hfunctab               functab     0000
__Hidloc                 idloc       0000
__Hinit                  init        0000
__Hintentry              intentry    0000
__Hmaintext              maintext    0000
__Hpowerup               powerup     0000
__Hram                   ram         0000
__Hreset_vec             reset_vec   0000
__Hsfr0                  sfr0        0000
__Hsfr1                  sfr1        0000
__Hspace_0               (abs)       2008
__Hspace_1               (abs)       0023
__Hspace_2               (abs)       0000
__Hspace_3               (abs)       0000
__Hstack                 stack       0000
__Hstrings               strings     0000
__Htext                  text        0000
__Labs1                  abs1        0000
__Lbank0                 bank0       0000
__Lbank1                 bank1       0000
__Lcinit                 cinit       03FE
__Lclrtext               clrtext     0000
__Lcode                  code        0000
__Lcommon                common      0000
__Lconfig                config      2007
__LcstackBANK0           cstackBANK0 0000
__Leeprom_data           eeprom_data 0000
__Lend_init              end_init    0000
__Lfunctab               functab     0000
__Lidloc                 idloc       0000
__Linit                  init        0000
__Lintentry              intentry    0000
__Lmaintext              maintext    0000
__Lpowerup               powerup     0000
__Lram                   ram         0000
__Lreset_vec             reset_vec   0000
__Lsfr0                  sfr0        0000
__Lsfr1                  sfr1        0000
__Lspace_0               (abs)       0000
__Lspace_1               (abs)       0000
__Lspace_2               (abs)       0000
__Lspace_3               (abs)       0000
__Lstack                 stack       0000
__Lstrings               strings     0000
__Ltext                  text        0000
__S0                     (abs)       2008
__S1                     (abs)       0023
__S2                     (abs)       0000
__S3                     (abs)       0000
___int_sp                stack       0000
___latbits               (abs)       0000
___lwdiv                 text2       0366
___lwdiv@counter         cstackBANK0 0013
___lwdiv@dividend        cstackBANK0 000E
___lwdiv@divisor         cstackBANK0 000C
___lwdiv@quotient        cstackBANK0 0011
___sp                    stack       0000
__end_of_Play            text1       03FE
__end_of___lwdiv         text2       03A3
__end_of__initialization cinit       03FE
__end_of__stringtab      strings     0007
__end_of_durations       strings     0055
__end_of_frequences      strings     00A3
__end_of_main            maintext    0366
__initialization         cinit       03FE
__pcstackBANK0           cstackBANK0 000C
__pmaintext              maintext    0352
__pstrings               strings     0001
__ptext1                 text1       03A3
__ptext2                 text2       0366
__size_of_Play           (abs)       0000
__size_of___lwdiv        (abs)       0000
__size_of_main           (abs)       0000
__stringbase             strings     0006
__stringtab              strings     0001
_durations               strings     0007
_frequences              strings     0055
_main                    maintext    0352
btemp                    (abs)       004E
end_of_initialization    cinit       03FE
intlevel0                functab     0000
intlevel1                functab     0000
intlevel2                functab     0000
intlevel3                functab     0000
intlevel4                functab     0000
intlevel5                functab     0000
main@i                   cstackBANK0 0022
main@melody              cstackBANK0 0021
reset_vec                reset_vec   0000
stackhi                  (abs)       0000
stacklo                  (abs)       0000
start                    init        0000
start_initialization     cinit       03FE
wtemp0                   (abs)       004E


FUNCTION INFORMATION:

 *************** function _main *****************
 Defined at:
		line 54 in file "newmain.c"
 Parameters:    Size  Location     Type
		None
 Auto vars:     Size  Location     Type
  i               1   22[BANK0 ] unsigned char 
  melody          1   21[BANK0 ] unsigned char 
 Return value:  Size  Location     Type
                  1    wreg      void 
 Registers used:
		wreg, fsr0l, fsr0h, status,2, status,0, btemp+1, pclath, cstack
 Tracked objects:
		On entry : 
		On exit  : 
		Unchanged: 
 Data sizes:     COMMON   BANK0
      Params:         0       0
      Locals:         0       2
      Temps:          0       1
      Totals:         0       3
Total ram usage:        3 bytes
 Hardware stack levels required when called:    2
 This function calls:
		_Play
 This function is called by:
		Startup code after reset
 This function uses a non-reentrant model


 *************** function _Play *****************
 Defined at:
		line 27 in file "newmain.c"
 Parameters:    Size  Location     Type
  note            1    wreg     unsigned char 
 Auto vars:     Size  Location     Type
  note            1   17[BANK0 ] unsigned char 
  time            2   18[BANK0 ] unsigned int 
  i               2   15[BANK0 ] unsigned int 
  time2           2   13[BANK0 ] unsigned int 
  j               2   11[BANK0 ] int 
 Return value:  Size  Location     Type
                  1    wreg      void 
 Registers used:
		wreg, fsr0l, fsr0h, status,2, status,0, btemp+1, pclath, cstack
 Tracked objects:
		On entry : 
		On exit  : 
		Unchanged: 
 Data sizes:     COMMON   BANK0
      Params:         0       0
      Locals:         0       9
      Temps:          0       3
      Totals:         0      12
Total ram usage:       12 bytes
 Hardware stack levels used:    1
 Hardware stack levels required when called:    1
 This function calls:
		___lwdiv
 This function is called by:
		_main
 This function uses a non-reentrant model


 *************** function ___lwdiv *****************
 Defined at:
		line 6 in file "C:\Program Files (x86)\Microchip\xc8\v1.41\sources\common\lwdiv.c"
 Parameters:    Size  Location     Type
  divisor         2    0[BANK0 ] unsigned int 
  dividend        2    2[BANK0 ] unsigned int 
 Auto vars:     Size  Location     Type
  quotient        2    5[BANK0 ] unsigned int 
  counter         1    7[BANK0 ] unsigned char 
 Return value:  Size  Location     Type
                  2    0[BANK0 ] unsigned int 
 Registers used:
		wreg, status,2, status,0
 Tracked objects:
		On entry : 
		On exit  : 
		Unchanged: 
 Data sizes:     COMMON   BANK0
      Params:         0       4
      Locals:         0       3
      Temps:          0       1
      Totals:         0       8
Total ram usage:        8 bytes
 Hardware stack levels used:    1
 This function calls:
		Nothing
 This function is called by:
		_Play
 This function uses a non-reentrant model



MODULE INFORMATION

Module		Function		Class		Link	Load	Size
C:\Program Files (x86)\Microchip\xc8\v1.41\sources\common\lwdiv.c
		___lwdiv       		CODE           	0366	0000	62

C:\Program Files (x86)\Microchip\xc8\v1.41\sources\common\lwdiv.c estimated size: 62

newmain.c
		_main          		CODE           	0352	0000	21
		_Play          		CODE           	03A3	0000	92

newmain.c estimated size: 113

shared
		__stringtab    		STRING         	0001	0000	7
		_frequences    		STRING         	0055	0000	79
		_durations     		STRING         	0007	0000	79
		__initialization		CODE           	03FE	0000	1

shared estimated size: 166

